Component: ARM Compiler 5.06 update 7 (build 960) Tool: armlink [4d3601]

==============================================================================

Section Cross References

    startup_stm32l431xx.o(STACK) refers (Special) to heapauxi.o(.text) for __use_two_region_memory
    startup_stm32l431xx.o(HEAP) refers (Special) to heapauxi.o(.text) for __use_two_region_memory
    startup_stm32l431xx.o(RESET) refers (Special) to heapauxi.o(.text) for __use_two_region_memory
    startup_stm32l431xx.o(RESET) refers to startup_stm32l431xx.o(STACK) for __initial_sp
    startup_stm32l431xx.o(RESET) refers to startup_stm32l431xx.o(.text) for Reset_Handler
    startup_stm32l431xx.o(RESET) refers to stm32l4xx_it.o(i.NMI_Handler) for NMI_Handler
    startup_stm32l431xx.o(RESET) refers to stm32l4xx_it.o(i.HardFault_Handler) for HardFault_Handler
    startup_stm32l431xx.o(RESET) refers to stm32l4xx_it.o(i.MemManage_Handler) for MemManage_Handler
    startup_stm32l431xx.o(RESET) refers to stm32l4xx_it.o(i.BusFault_Handler) for BusFault_Handler
    startup_stm32l431xx.o(RESET) refers to stm32l4xx_it.o(i.UsageFault_Handler) for UsageFault_Handler
    startup_stm32l431xx.o(RESET) refers to stm32l4xx_it.o(i.SVC_Handler) for SVC_Handler
    startup_stm32l431xx.o(RESET) refers to stm32l4xx_it.o(i.DebugMon_Handler) for DebugMon_Handler
    startup_stm32l431xx.o(RESET) refers to stm32l4xx_it.o(i.PendSV_Handler) for PendSV_Handler
    startup_stm32l431xx.o(RESET) refers to stm32l4xx_it.o(i.SysTick_Handler) for SysTick_Handler
    startup_stm32l431xx.o(RESET) refers to stm32l4xx_it.o(i.USART1_IRQHandler) for USART1_IRQHandler
    startup_stm32l431xx.o(.text) refers (Special) to heapauxi.o(.text) for __use_two_region_memory
    startup_stm32l431xx.o(.text) refers to system_stm32l4xx.o(i.SystemInit) for SystemInit
    startup_stm32l431xx.o(.text) refers to __main.o(!!!main) for __main
    startup_stm32l431xx.o(.text) refers to startup_stm32l431xx.o(HEAP) for Heap_Mem
    startup_stm32l431xx.o(.text) refers to startup_stm32l431xx.o(STACK) for Stack_Mem
    main.o(i.HAL_UART_RxCpltCallback) refers to stm32l4xx_hal_uart.o(i.HAL_UART_Transmit_IT) for HAL_UART_Transmit_IT
    main.o(i.HAL_UART_RxCpltCallback) refers to stm32l4xx_hal_uart.o(i.HAL_UART_Receive_IT) for HAL_UART_Receive_IT
    main.o(i.HAL_UART_RxCpltCallback) refers to main.o(.bss) for .bss
    main.o(i.SystemClock_Config) refers to rt_memclr_w.o(.text) for __aeabi_memclr4
    main.o(i.SystemClock_Config) refers to stm32l4xx_hal_rcc.o(i.HAL_RCC_OscConfig) for HAL_RCC_OscConfig
    main.o(i.SystemClock_Config) refers to stm32l4xx_hal_rcc.o(i.HAL_RCC_ClockConfig) for HAL_RCC_ClockConfig
    main.o(i.SystemClock_Config) refers to stm32l4xx_hal_rcc_ex.o(i.HAL_RCCEx_PeriphCLKConfig) for HAL_RCCEx_PeriphCLKConfig
    main.o(i.SystemClock_Config) refers to stm32l4xx_hal_pwr_ex.o(i.HAL_PWREx_ControlVoltageScaling) for HAL_PWREx_ControlVoltageScaling
    main.o(i.main) refers to _printf_truncate.o(.text) for _printf_truncate_unsigned
    main.o(i.main) refers to _printf_percent.o(.ARM.Collect$$_printf_percent$$00000000) for _printf_percent
    main.o(i.main) refers to _printf_x.o(.ARM.Collect$$_printf_percent$$0000000C) for _printf_x
    main.o(i.main) refers to _printf_hex_int.o(.text) for _printf_longlong_hex
    main.o(i.main) refers to _printf_d.o(.ARM.Collect$$_printf_percent$$00000009) for _printf_d
    main.o(i.main) refers to _printf_dec.o(.text) for _printf_int_dec
    main.o(i.main) refers to stm32l4xx_hal.o(i.HAL_Init) for HAL_Init
    main.o(i.main) refers to main.o(i.SystemClock_Config) for SystemClock_Config
    main.o(i.main) refers to gpio.o(i.MX_GPIO_Init) for MX_GPIO_Init
    main.o(i.main) refers to usart.o(i.MX_USART1_UART_Init) for MX_USART1_UART_Init
    main.o(i.main) refers to stm32l4xx_hal_uart.o(i.HAL_UART_Receive_IT) for HAL_UART_Receive_IT
    main.o(i.main) refers to stm32l4xx_hal_uart.o(i.HAL_UART_Transmit_IT) for HAL_UART_Transmit_IT
    main.o(i.main) refers to noretval__2printf.o(.text) for __2printf
    main.o(i.main) refers to main.o(.bss) for .bss
    main.o(i.main) refers to usart.o(.bss) for huart1
    main.o(i.main) refers to main.o(.data) for .data
    usart.o(i.HAL_UART_MspDeInit) refers to stm32l4xx_hal_gpio.o(i.HAL_GPIO_DeInit) for HAL_GPIO_DeInit
    usart.o(i.HAL_UART_MspDeInit) refers to stm32l4xx_hal_cortex.o(i.HAL_NVIC_DisableIRQ) for HAL_NVIC_DisableIRQ
    usart.o(i.HAL_UART_MspInit) refers to rt_memclr_w.o(.text) for __aeabi_memclr4
    usart.o(i.HAL_UART_MspInit) refers to stm32l4xx_hal_rcc_ex.o(i.HAL_RCCEx_PeriphCLKConfig) for HAL_RCCEx_PeriphCLKConfig
    usart.o(i.HAL_UART_MspInit) refers to main.o(i.Error_Handler) for Error_Handler
    usart.o(i.HAL_UART_MspInit) refers to stm32l4xx_hal_gpio.o(i.HAL_GPIO_Init) for HAL_GPIO_Init
    usart.o(i.HAL_UART_MspInit) refers to stm32l4xx_hal_cortex.o(i.HAL_NVIC_SetPriority) for HAL_NVIC_SetPriority
[...]
    ../clib/printf.c                         0x00000000   Number         0  _printf_hex_ptr.o ABSOLUTE
    ../clib/printf.c                         0x00000000   Number         0  _printf_hex_int_ll.o ABSOLUTE
    ../clib/printf.c                         0x00000000   Number         0  _printf_hex_int.o ABSOLUTE
    ../clib/printf.c                         0x00000000   Number         0  _printf_hex_ll.o ABSOLUTE
    ../clib/printf.c                         0x00000000   Number         0  _printf_dec.o ABSOLUTE
    ../clib/printf.c                         0x00000000   Number         0  _printf_truncate.o ABSOLUTE
    ../clib/printf.c                         0x00000000   Number         0  __printf.o ABSOLUTE
    ../clib/printf.c                         0x00000000   Number         0  noretval__2printf.o ABSOLUTE
    ../clib/printf.c                         0x00000000   Number         0  __2printf.o ABSOLUTE
    ../clib/printf.c                         0x00000000   Number         0  _printf_char_common.o ABSOLUTE
    ../clib/printf.c                         0x00000000   Number         0  __printf_nopercent.o ABSOLUTE
    ../clib/printf.c                         0x00000000   Number         0  __printf_wp.o ABSOLUTE
    ../clib/printf.c                         0x00000000   Number         0  __printf_flags_wp.o ABSOLUTE
    ../clib/printf.c                         0x00000000   Number         0  __printf_ss_wp.o ABSOLUTE
    ../clib/printf.c                         0x00000000   Number         0  __printf_flags_ss_wp.o ABSOLUTE
    ../clib/printf.c                         0x00000000   Number         0  _printf_intcommon.o ABSOLUTE
    ../clib/printf.c                         0x00000000   Number         0  _printf_char_file.o ABSOLUTE
    ../clib/printf_percent.s                 0x00000000   Number         0  _printf_x.o ABSOLUTE
    ../clib/printf_percent.s                 0x00000000   Number         0  _printf_percent_end.o ABSOLUTE
    ../clib/printf_percent.s                 0x00000000   Number         0  _printf_percent.o ABSOLUTE
    ../clib/printf_percent.s                 0x00000000   Number         0  _printf_d.o ABSOLUTE
    ../clib/signal.c                         0x00000000   Number         0  defsig_abrt_inner.o ABSOLUTE
    ../clib/signal.c                         0x00000000   Number         0  defsig_rtmem_inner.o ABSOLUTE
    ../clib/signal.c                         0x00000000   Number         0  defsig_exit.o ABSOLUTE
    ../clib/signal.c                         0x00000000   Number         0  defsig_stak_inner.o ABSOLUTE
    ../clib/signal.c                         0x00000000   Number         0  defsig_pvfn_inner.o ABSOLUTE
    ../clib/signal.c                         0x00000000   Number         0  defsig_fpe_outer.o ABSOLUTE
    ../clib/signal.c                         0x00000000   Number         0  defsig_cppl_inner.o ABSOLUTE
    ../clib/signal.c                         0x00000000   Number         0  defsig_rtmem_outer.o ABSOLUTE
    ../clib/signal.c                         0x00000000   Number         0  defsig_segv_inner.o ABSOLUTE
    ../clib/signal.c                         0x00000000   Number         0  defsig_other.o ABSOLUTE
    ../clib/signal.c                         0x00000000   Number         0  defsig_fpe_inner.o ABSOLUTE
    ../clib/signal.c                         0x00000000   Number         0  defsig_rtred_inner.o ABSOLUTE
    ../clib/signal.c                         0x00000000   Number         0  defsig_fpe_formal.o ABSOLUTE
    ../clib/signal.c                         0x00000000   Number         0  defsig_rtred_outer.o ABSOLUTE
    ../clib/signal.c                         0x00000000   Number         0  __raise.o ABSOLUTE
    ../clib/signal.c                         0x00000000   Number         0  defsig_general.o ABSOLUTE
    ../clib/signal.c                         0x00000000   Number         0  defsig_rtmem_formal.o ABSOLUTE
    ../clib/signal.c                         0x00000000   Number         0  defsig_rtred_formal.o ABSOLUTE
    ../clib/signal.s                         0x00000000   Number         0  defsig.o ABSOLUTE
    ../clib/stdio.c                          0x00000000   Number         0  setvbuf.o ABSOLUTE
    ../clib/stdio.c                          0x00000000   Number         0  fopen.o ABSOLUTE
    ../clib/stdio.c                          0x00000000   Number         0  streamlock.o ABSOLUTE
    ../clib/stdio.c                          0x00000000   Number         0  ferror.o ABSOLUTE
    ../clib/stdio.c                          0x00000000   Number         0  fseek.o ABSOLUTE
    ../clib/stdio.c                          0x00000000   Number         0  fclose.o ABSOLUTE
    ../clib/stdio.c                          0x00000000   Number         0  ferror_locked.o ABSOLUTE
    ../clib/stdio.c                          0x00000000   Number         0  initio_locked.o ABSOLUTE
    ../clib/stdio.c                          0x00000000   Number         0  initio.o ABSOLUTE
    ../clib/stdio.c                          0x00000000   Number         0  stdio_streams.o ABSOLUTE
    ../clib/stdio.c                          0x00000000   Number         0  setvbuf_locked.o ABSOLUTE
    ../clib/stdio.c                          0x00000000   Number         0  fopen_locked.o ABSOLUTE
    ../clib/stdio.c                          0x00000000   Number         0  stdio.o ABSOLUTE
    ../clib/stdio.c                          0x00000000   Number         0  ftell.o ABSOLUTE
    ../clib/stdlib.c                         0x00000000   Number         0  exit.o ABSOLUTE
    ../clib/string.c                         0x00000000   Number         0  strlen.o ABSOLUTE
    ../fplib/fpinit.s                        0x00000000   Number         0  fpinit.o ABSOLUTE
    ..\Core\Src\gpio.c                       0x00000000   Number         0  gpio.o ABSOLUTE
    ..\Core\Src\main.c                       0x00000000   Number         0  main.o ABSOLUTE
    ..\Core\Src\stm32l4xx_hal_msp.c          0x00000000   Number         0  stm32l4xx_hal_msp.o ABSOLUTE
    ..\Core\Src\stm32l4xx_it.c               0x00000000   Number         0  stm32l4xx_it.o ABSOLUTE
    ..\Core\Src\system_stm32l4xx.c           0x00000000   Number         0  system_stm32l4xx.o ABSOLUTE
    ..\Core\Src\usart.c                      0x00000000   Number         0  usart.o ABSOLUTE
    ..\Drivers\STM32L4xx_HAL_Driver\Src\stm32l4xx_hal.c 0x00000000   Number         0  stm32l4xx_hal.o ABSOLUTE
    ..\Drivers\STM32L4xx_HAL_Driver\Src\stm32l4xx_hal_cortex.c 0x00000000   Number         0  stm32l4xx_hal_cortex.o ABSOLUTE
    ..\Drivers\STM32L4xx_HAL_Driver\Src\stm32l4xx_hal_dma.c 0x00000000   Number         0  stm32l4xx_hal_dma.o ABSOLUTE
    ..\Drivers\STM32L4xx_HAL_Driver\Src\stm32l4xx_hal_dma_ex.c 0x00000000   Number         0  stm32l4xx_hal_dma_ex.o ABSOLUTE
    ..\Drivers\STM32L4xx_HAL_Driver\Src\stm32l4xx_hal_exti.c 0x00000000   Number         0  stm32l4xx_hal_exti.o ABSOLUTE
    ..\Drivers\STM32L4xx_HAL_Driver\Src\stm32l4xx_hal_flash.c 0x00000000   Number         0  stm32l4xx_hal_flash.o ABSOLUTE
    ..\Drivers\STM32L4xx_HAL_Driver\Src\stm32l4xx_hal_flash_ex.c 0x00000000   Number         0  stm32l4xx_hal_flash_ex.o ABSOLUTE
    ..\Drivers\STM32L4xx_HAL_Driver\Src\stm32l4xx_hal_flash_ramfunc.c 0x00000000   Number         0  stm32l4xx_hal_flash_ramfunc.o ABSOLUTE
    ..\Drivers\STM32L4xx_HAL_Driver\Src\stm32l4xx_hal_gpio.c 0x00000000   Number         0  stm32l4xx_hal_gpio.o ABSOLUTE
    ..\Drivers\STM32L4xx_HAL_Driver\Src\stm32l4xx_hal_i2c.c 0x00000000   Number         0  stm32l4xx_hal_i2c.o ABSOLUTE
    ..\Drivers\STM32L4xx_HAL_Driver\Src\stm32l4xx_hal_i2c_ex.c 0x00000000   Number         0  stm32l4xx_hal_i2c_ex.o ABSOLUTE
    ..\Drivers\STM32L4xx_HAL_Driver\Src\stm32l4xx_hal_pwr.c 0x00000000   Number         0  stm32l4xx_hal_pwr.o ABSOLUTE
    ..\Drivers\STM32L4xx_HAL_Driver\Src\stm32l4xx_hal_pwr_ex.c 0x00000000   Number         0  stm32l4xx_hal_pwr_ex.o ABSOLUTE
    ..\Drivers\STM32L4xx_HAL_Driver\Src\stm32l4xx_hal_rcc.c 0x00000000   Number         0  stm32l4xx_hal_rcc.o ABSOLUTE
    ..\Drivers\STM32L4xx_HAL_Driver\Src\stm32l4xx_hal_rcc_ex.c 0x00000000   Number         0  stm32l4xx_hal_rcc_ex.o ABSOLUTE
    ..\Drivers\STM32L4xx_HAL_Driver\Src\stm32l4xx_hal_tim.c 0x00000000   Number         0  stm32l4xx_hal_tim.o ABSOLUTE
    ..\Drivers\STM32L4xx_HAL_Driver\Src\stm32l4xx_hal_tim_ex.c 0x00000000   Number         0  stm32l4xx_hal_tim_ex.o ABSOLUTE
    ..\Drivers\STM32L4xx_HAL_Driver\Src\stm32l4xx_hal_uart.c 0x00000000   Number         0  stm32l4xx_hal_uart.o ABSOLUTE
    ..\Drivers\STM32L4xx_HAL_Driver\Src\stm32l4xx_hal_uart_ex.c 0x00000000   Number         0  stm32l4xx_hal_uart_ex.o ABSOLUTE
    dc.s                                     0x00000000   Number         0  dc.o ABSOLUTE
    startup_stm32l431xx.s                    0x00000000   Number         0  startup_stm32l431xx.o ABSOLUTE
    RESET                                    0x08000000   Section      396  startup_stm32l431xx.o(RESET)
    !!!main                                  0x0800018c   Section        8  __main.o(!!!main)
    !!!scatter                               0x08000194   Section       52  __scatter.o(!!!scatter)
    !!handler_copy                           0x080001c8   Section       26  __scatter_copy.o(!!handler_copy)
    !!handler_zi                             0x080001e4   Section       28  __scatter_zi.o(!!handler_zi)
    .ARM.Collect$$_printf_percent$$00000000  0x08000200   Section        0  _printf_percent.o(.ARM.Collect$$_printf_percent$$00000000)
    .ARM.Collect$$_printf_percent$$00000009  0x08000200   Section        6  _printf_d.o(.ARM.Collect$$_printf_percent$$00000009)
    .ARM.Collect$$_printf_percent$$0000000C  0x08000206   Section        6  _printf_x.o(.ARM.Collect$$_printf_percent$$0000000C)
    .ARM.Collect$$_printf_percent$$00000017  0x0800020c   Section        4  _printf_percent_end.o(.ARM.Collect$$_printf_percent$$00000017)
    .ARM.Collect$$libinit$$00000000          0x08000210   Section        2  libinit.o(.ARM.Collect$$libinit$$00000000)
    .ARM.Collect$$libinit$$00000001          0x08000212   Section        4  libinit2.o(.ARM.Collect$$libinit$$00000001)
    .ARM.Collect$$libinit$$00000004          0x08000216   Section        0  libinit2.o(.ARM.Collect$$libinit$$00000004)
    .ARM.Collect$$libinit$$00000005          0x08000216   Section        8  libinit2.o(.ARM.Collect$$libinit$$00000005)
    .ARM.Collect$$libinit$$0000000A          0x0800021e   Section        0  libinit2.o(.ARM.Collect$$libinit$$0000000A)
    .ARM.Collect$$libinit$$0000000C          0x0800021e   Section        0  libinit2.o(.ARM.Collect$$libinit$$0000000C)
    .ARM.Collect$$libinit$$0000000E          0x0800021e   Section        0  libinit2.o(.ARM.Collect$$libinit$$0000000E)
    .ARM.Collect$$libinit$$00000011          0x0800021e   Section        0  libinit2.o(.ARM.Collect$$libinit$$00000011)
    .ARM.Collect$$libinit$$00000013          0x0800021e   Section        0  libinit2.o(.ARM.Collect$$libinit$$00000013)
    .ARM.Collect$$libinit$$00000015          0x0800021e   Section        0  libinit2.o(.ARM.Collect$$libinit$$00000015)
    .ARM.Collect$$libinit$$00000017          0x0800021e   Section        0  libinit2.o(.ARM.Collect$$libinit$$00000017)
    .ARM.Collect$$libinit$$00000019          0x0800021e   Section        0  libinit2.o(.ARM.Collect$$libinit$$00000019)
    .ARM.Collect$$libinit$$0000001B          0x0800021e   Section        0  libinit2.o(.ARM.Collect$$libinit$$0000001B)
    .ARM.Collect$$libinit$$0000001D          0x0800021e   Section        0  libinit2.o(.ARM.Collect$$libinit$$0000001D)
    .ARM.Collect$$libinit$$0000001F          0x0800021e   Section        0  libinit2.o(.ARM.Collect$$libinit$$0000001F)
    .ARM.Collect$$libinit$$00000021          0x0800021e   Section        0  libinit2.o(.ARM.Collect$$libinit$$00000021)
    .ARM.Collect$$libinit$$00000023          0x0800021e   Section        0  libinit2.o(.ARM.Collect$$libinit$$00000023)
    .ARM.Collect$$libinit$$00000024          0x0800021e   Section        4  libinit2.o(.ARM.Collect$$libinit$$00000024)
    .ARM.Collect$$libinit$$00000025          0x08000222   Section        0  libinit2.o(.ARM.Collect$$libinit$$00000025)
    .ARM.Collect$$libinit$$0000002C          0x08000222   Section        0  libinit2.o(.ARM.Collect$$libinit$$0000002C)
    .ARM.Collect$$libinit$$0000002E          0x08000222   Section        0  libinit2.o(.ARM.Collect$$libinit$$0000002E)
    .ARM.Collect$$libinit$$00000030          0x08000222   Section        0  libinit2.o(.ARM.Collect$$libinit$$00000030)
    .ARM.Collect$$libinit$$00000032          0x08000222   Section        0  libinit2.o(.ARM.Collect$$libinit$$00000032)
    .ARM.Collect$$libinit$$00000033          0x08000222   Section        2  libinit2.o(.ARM.Collect$$libinit$$00000033)
    .ARM.Collect$$libshutdown$$00000000      0x08000224   Section        2  libshutdown.o(.ARM.Collect$$libshutdown$$00000000)
    .ARM.Collect$$libshutdown$$00000002      0x08000226   Section        0  libshutdown2.o(.ARM.Collect$$libshutdown$$00000002)
    .ARM.Collect$$libshutdown$$00000004      0x08000226   Section        0  libshutdown2.o(.ARM.Collect$$libshutdown$$00000004)
    .ARM.Collect$$libshutdown$$00000005      0x08000226   Section        4  libshutdown2.o(.ARM.Collect$$libshutdown$$00000005)
    .ARM.Collect$$libshutdown$$00000006      0x0800022a   Section        0  libshutdown2.o(.ARM.Collect$$libshutdown$$00000006)
    .ARM.Collect$$libshutdown$$00000009      0x0800022a   Section        0  libshutdown2.o(.ARM.Collect$$libshutdown$$00000009)
    .ARM.Collect$$libshutdown$$0000000C      0x0800022a   Section        0  libshutdown2.o(.ARM.Collect$$libshutdown$$0000000C)
    .ARM.Collect$$libshutdown$$0000000E      0x0800022a   Section        0  libshutdown2.o(.ARM.Collect$$libshutdown$$0000000E)
    .ARM.Collect$$libshutdown$$00000011      0x0800022a   Section        0  libshutdown2.o(.ARM.Collect$$libshutdown$$00000011)
    .ARM.Collect$$libshutdown$$00000012      0x0800022a   Section        2  libshutdown2.o(.ARM.Collect$$libshutdown$$00000012)
    .ARM.Collect$$rtentry$$00000000          0x0800022c   Section        0  __rtentry.o(.ARM.Collect$$rtentry$$00000000)
    .ARM.Collect$$rtentry$$00000002          0x0800022c   Section        0  __rtentry2.o(.ARM.Collect$$rtentry$$00000002)
    .ARM.Collect$$rtentry$$00000004          0x0800022c   Section        6  __rtentry4.o(.ARM.Collect$$rtentry$$00000004)
    .ARM.Collect$$rtentry$$00000009          0x08000232   Section        0  __rtentry2.o(.ARM.Collect$$rtentry$$00000009)
    .ARM.Collect$$rtentry$$0000000A          0x08000232   Section        4  __rtentry2.o(.ARM.Collect$$rtentry$$0000000A)
    .ARM.Collect$$rtentry$$0000000C          0x08000236   Section        0  __rtentry2.o(.ARM.Collect$$rtentry$$0000000C)
    .ARM.Collect$$rtentry$$0000000D          0x08000236   Section        8  __rtentry2.o(.ARM.Collect$$rtentry$$0000000D)
    .ARM.Collect$$rtexit$$00000000           0x0800023e   Section        2  rtexit.o(.ARM.Collect$$rtexit$$00000000)
    .ARM.Collect$$rtexit$$00000002           0x08000240   Section        0  rtexit2.o(.ARM.Collect$$rtexit$$00000002)
    .ARM.Collect$$rtexit$$00000003           0x08000240   Section        4  rtexit2.o(.ARM.Collect$$rtexit$$00000003)
    .ARM.Collect$$rtexit$$00000004           0x08000244   Section        6  rtexit2.o(.ARM.Collect$$rtexit$$00000004)
    .emb_text                                0x0800024c   Section        0  maybetermalloc1.o(.emb_text)
    .text                                    0x0800024c   Section       64  startup_stm32l431xx.o(.text)
    $v0                                      0x0800024c   Number         0  startup_stm32l431xx.o(.text)
    .text                                    0x0800028c   Section      238  lludivv7m.o(.text)
    .text                                    0x0800037c   Section        0  noretval__2printf.o(.text)
    .text                                    0x08000394   Section        0  _printf_truncate.o(.text)
    .text                                    0x080003b8   Section        0  _printf_dec.o(.text)
    .text                                    0x08000430   Section        0  _printf_hex_int.o(.text)
    .text                                    0x08000488   Section        0  __printf_flags_ss.o(.text)
    .text                                    0x08000574   Section       78  rt_memclr_w.o(.text)
    .text                                    0x080005c2   Section        0  heapauxi.o(.text)
    .text                                    0x080005c8   Section        0  _printf_intcommon.o(.text)
    .text                                    0x0800067c   Section        0  _printf_char_file.o(.text)
    .text                                    0x080006a0   Section        0  _printf_char_common.o(.text)
    _printf_input_char                       0x080006a1   Thumb Code    10  _printf_char_common.o(.text)
    .text                                    0x080006d0   Section        0  ferror.o(.text)
    .text                                    0x080006d8   Section        0  initio.o(.text)
    .text                                    0x08000810   Section        0  sys_io.o(.text)
    .text                                    0x08000876   Section       74  sys_stackheap_outer.o(.text)
    .text                                    0x080008c0   Section        0  h1_free.o(.text)
    .text                                    0x0800090e   Section        0  setvbuf.o(.text)
    .text                                    0x08000954   Section        0  fopen.o(.text)
    _freopen_locked                          0x08000955   Thumb Code     0  fopen.o(.text)
    .text                                    0x08000a40   Section        0  fclose.o(.text)
    .text                                    0x08000a8c   Section        0  exit.o(.text)
    .text                                    0x08000a9e   Section        0  defsig_rtred_outer.o(.text)
    .text                                    0x08000aac   Section        8  libspace.o(.text)
    .text                                    0x08000ab4   Section        2  use_no_semi.o(.text)
    .text                                    0x08000ab6   Section        0  indicate_semi.o(.text)
    .text                                    0x08000ab8   Section        8  rt_heap_descriptor_intlibspace.o(.text)
    .text                                    0x08000ac0   Section        0  hguard.o(.text)
    .text                                    0x08000ac4   Section        0  init_alloc.o(.text)
    .text                                    0x08000b4e   Section        0  h1_alloc.o(.text)
    .text                                    0x08000bac   Section        0  fseek.o(.text)
    .text                                    0x08000ca4   Section        0  stdio.o(.text)
    .text                                    0x08000d94   Section        0  defsig_exit.o(.text)
    .text                                    0x08000da0   Section        0  defsig_rtred_inner.o(.text)
    .text                                    0x08000dd4   Section        0  strlen.o(.text)
    .text                                    0x08000e14   Section        0  sys_exit.o(.text)
    .text                                    0x08000e20   Section        0  h1_init.o(.text)
    .text                                    0x08000e2e   Section        0  h1_extend.o(.text)
    .text                                    0x08000e62   Section        0  ftell.o(.text)
    .text                                    0x08000ea4   Section        0  defsig_general.o(.text)
    .text                                    0x08000ed6   Section        0  defsig_rtmem_outer.o(.text)
    .text                                    0x08000ee4   Section        0  sys_wrch.o(.text)
    .text                                    0x08000ef4   Section        8  rt_errno_addr_intlibspace.o(.text)
    .text                                    0x08000efc   Section        0  defsig_rtmem_inner.o(.text)
    i.BusFault_Handler                       0x08000f4c   Section        0  stm32l4xx_it.o(i.BusFault_Handler)
    i.DebugMon_Handler                       0x08000f4e   Section        0  stm32l4xx_it.o(i.DebugMon_Handler)
    i.Error_Handler                          0x08000f50   Section        0  main.o(i.Error_Handler)
    i.HAL_DMA_Abort                          0x08000f54   Section        0  stm32l4xx_hal_dma.o(i.HAL_DMA_Abort)
    i.HAL_DMA_Abort_IT                       0x08000f9e   Section        0  stm32l4xx_hal_dma.o(i.HAL_DMA_Abort_IT)
    i.HAL_GPIO_Init                          0x08000fec   Section        0  stm32l4xx_hal_gpio.o(i.HAL_GPIO_Init)
    i.HAL_GetTick                            0x080011ac   Section        0  stm32l4xx_hal.o(i.HAL_GetTick)
    i.HAL_IncTick                            0x080011b8   Section        0  stm32l4xx_hal.o(i.HAL_IncTick)
    i.HAL_Init                               0x080011c8   Section        0  stm32l4xx_hal.o(i.HAL_Init)
    i.HAL_InitTick                           0x080011e8   Section        0  stm32l4xx_hal.o(i.HAL_InitTick)
    i.HAL_MspInit                            0x0800122c   Section        0  stm32l4xx_hal_msp.o(i.HAL_MspInit)
    i.HAL_NVIC_EnableIRQ                     0x08001258   Section        0  stm32l4xx_hal_cortex.o(i.HAL_NVIC_EnableIRQ)
    i.HAL_NVIC_SetPriority                   0x08001274   Section        0  stm32l4xx_hal_cortex.o(i.HAL_NVIC_SetPriority)
    i.HAL_NVIC_SetPriorityGrouping           0x080012b4   Section        0  stm32l4xx_hal_cortex.o(i.HAL_NVIC_SetPriorityGrouping)
    i.HAL_PWREx_ControlVoltageScaling        0x080012d8   Section        0  stm32l4xx_hal_pwr_ex.o(i.HAL_PWREx_ControlVoltageScaling)
    i.HAL_PWREx_GetVoltageRange              0x08001340   Section        0  stm32l4xx_hal_pwr_ex.o(i.HAL_PWREx_GetVoltageRange)
    i.HAL_RCCEx_PeriphCLKConfig              0x08001350   Section        0  stm32l4xx_hal_rcc_ex.o(i.HAL_RCCEx_PeriphCLKConfig)
    i.HAL_RCC_ClockConfig                    0x0800160c   Section        0  stm32l4xx_hal_rcc.o(i.HAL_RCC_ClockConfig)
    i.HAL_RCC_GetPCLK1Freq                   0x0800172c   Section        0  stm32l4xx_hal_rcc.o(i.HAL_RCC_GetPCLK1Freq)
    i.HAL_RCC_GetPCLK2Freq                   0x08001750   Section        0  stm32l4xx_hal_rcc.o(i.HAL_RCC_GetPCLK2Freq)
    i.HAL_RCC_GetSysClockFreq                0x08001774   Section        0  stm32l4xx_hal_rcc.o(i.HAL_RCC_GetSysClockFreq)
    i.HAL_RCC_OscConfig                      0x08001818   Section        0  stm32l4xx_hal_rcc.o(i.HAL_RCC_OscConfig)
    i.HAL_SYSTICK_Config                     0x08001d84   Section        0  stm32l4xx_hal_cortex.o(i.HAL_SYSTICK_Config)
    i.HAL_UARTEx_RxEventCallback             0x08001dac   Section        0  stm32l4xx_hal_uart.o(i.HAL_UARTEx_RxEventCallback)
    i.HAL_UARTEx_WakeupCallback              0x08001dae   Section        0  stm32l4xx_hal_uart_ex.o(i.HAL_UARTEx_WakeupCallback)
    i.HAL_UART_ErrorCallback                 0x08001db0   Section        0  stm32l4xx_hal_uart.o(i.HAL_UART_ErrorCallback)
    i.HAL_UART_IRQHandler                    0x08001db4   Section        0  stm32l4xx_hal_uart.o(i.HAL_UART_IRQHandler)
    i.HAL_UART_Init                          0x08001ff0   Section        0  stm32l4xx_hal_uart.o(i.HAL_UART_Init)
    i.HAL_UART_MspInit                       0x08002058   Section        0  usart.o(i.HAL_UART_MspInit)
    i.HAL_UART_Receive_IT                    0x080020e8   Section        0  stm32l4xx_hal_uart.o(i.HAL_UART_Receive_IT)
    i.HAL_UART_RxCpltCallback                0x08002130   Section        0  main.o(i.HAL_UART_RxCpltCallback)
    i.HAL_UART_Transmit_IT                   0x08002160   Section        0  stm32l4xx_hal_uart.o(i.HAL_UART_Transmit_IT)
    i.HAL_UART_TxCpltCallback                0x080021c8   Section        0  stm32l4xx_hal_uart.o(i.HAL_UART_TxCpltCallback)
    i.HardFault_Handler                      0x080021ca   Section        0  stm32l4xx_it.o(i.HardFault_Handler)
    i.MX_GPIO_Init                           0x080021cc   Section        0  gpio.o(i.MX_GPIO_Init)
    i.MX_USART1_UART_Init                    0x08002208   Section        0  usart.o(i.MX_USART1_UART_Init)
    i.MemManage_Handler                      0x08002244   Section        0  stm32l4xx_it.o(i.MemManage_Handler)
    i.NMI_Handler                            0x08002246   Section        0  stm32l4xx_it.o(i.NMI_Handler)
    i.PendSV_Handler                         0x08002248   Section        0  stm32l4xx_it.o(i.PendSV_Handler)
    i.RCCEx_PLLSAI1_Config                   0x0800224c   Section        0  stm32l4xx_hal_rcc_ex.o(i.RCCEx_PLLSAI1_Config)
    RCCEx_PLLSAI1_Config                     0x0800224d   Thumb Code   278  stm32l4xx_hal_rcc_ex.o(i.RCCEx_PLLSAI1_Config)
    i.RCC_SetFlashLatencyFromMSIRange        0x08002378   Section        0  stm32l4xx_hal_rcc.o(i.RCC_SetFlashLatencyFromMSIRange)
    RCC_SetFlashLatencyFromMSIRange          0x08002379   Thumb Code   116  stm32l4xx_hal_rcc.o(i.RCC_SetFlashLatencyFromMSIRange)
    i.SVC_Handler                            0x080023f4   Section        0  stm32l4xx_it.o(i.SVC_Handler)
    i.SysTick_Handler                        0x080023f6   Section        0  stm32l4xx_it.o(i.SysTick_Handler)
    i.SystemClock_Config                     0x080023fa   Section        0  main.o(i.SystemClock_Config)
    i.SystemInit                             0x08002480   Section        0  system_stm32l4xx.o(i.SystemInit)
    i.UART_AdvFeatureConfig                  0x080024bc   Section        0  stm32l4xx_hal_uart.o(i.UART_AdvFeatureConfig)
    i.UART_CheckIdleState                    0x08002584   Section        0  stm32l4xx_hal_uart.o(i.UART_CheckIdleState)
    i.UART_DMAAbortOnError                   0x080025e0   Section        0  stm32l4xx_hal_uart.o(i.UART_DMAAbortOnError)
    UART_DMAAbortOnError                     0x080025e1   Thumb Code    20  stm32l4xx_hal_uart.o(i.UART_DMAAbortOnError)
    i.UART_EndRxTransfer                     0x080025f4   Section        0  stm32l4xx_hal_uart.o(i.UART_EndRxTransfer)
    UART_EndRxTransfer                       0x080025f5   Thumb Code    48  stm32l4xx_hal_uart.o(i.UART_EndRxTransfer)
    i.UART_RxISR_16BIT                       0x08002624   Section        0  stm32l4xx_hal_uart.o(i.UART_RxISR_16BIT)
    UART_RxISR_16BIT                         0x08002625   Thumb Code   124  stm32l4xx_hal_uart.o(i.UART_RxISR_16BIT)
    i.UART_RxISR_8BIT                        0x080026a0   Section        0  stm32l4xx_hal_uart.o(i.UART_RxISR_8BIT)
    UART_RxISR_8BIT                          0x080026a1   Thumb Code   124  stm32l4xx_hal_uart.o(i.UART_RxISR_8BIT)
    i.UART_SetConfig                         0x0800271c   Section        0  stm32l4xx_hal_uart.o(i.UART_SetConfig)
    i.UART_Start_Receive_IT                  0x0800291c   Section        0  stm32l4xx_hal_uart.o(i.UART_Start_Receive_IT)
    i.UART_TxISR_16BIT                       0x080029ac   Section        0  stm32l4xx_hal_uart.o(i.UART_TxISR_16BIT)
    UART_TxISR_16BIT                         0x080029ad   Thumb Code    64  stm32l4xx_hal_uart.o(i.UART_TxISR_16BIT)
    i.UART_TxISR_8BIT                        0x080029ec   Section        0  stm32l4xx_hal_uart.o(i.UART_TxISR_8BIT)
    UART_TxISR_8BIT                          0x080029ed   Thumb Code    60  stm32l4xx_hal_uart.o(i.UART_TxISR_8BIT)
    i.UART_WaitOnFlagUntilTimeout            0x08002a28   Section        0  stm32l4xx_hal_uart.o(i.UART_WaitOnFlagUntilTimeout)
    i.USART1_IRQHandler                      0x08002acc   Section        0  stm32l4xx_it.o(i.USART1_IRQHandler)
    i.UsageFault_Handler                     0x08002ad8   Section        0  stm32l4xx_it.o(i.UsageFault_Handler)
    i.__NVIC_SetPriority                     0x08002ada   Section        0  stm32l4xx_hal_cortex.o(i.__NVIC_SetPriority)
    __NVIC_SetPriority                       0x08002adb   Thumb Code    32  stm32l4xx_hal_cortex.o(i.__NVIC_SetPriority)
    i.fputc                                  0x08002afc   Section        0  usart.o(i.fputc)
    i.main                                   0x08002b14   Section        0  main.o(i.main)
    x$fpl$fpinit                             0x08002c24   Section       10  fpinit.o(x$fpl$fpinit)
    $v0                                      0x08002c24   Number         0  fpinit.o(x$fpl$fpinit)
    .constdata                               0x08002c30   Section       64  system_stm32l4xx.o(.constdata)
    .constdata                               0x08002c70   Section        8  system_stm32l4xx.o(.constdata)
    .constdata                               0x08002c78   Section       40  _printf_hex_int.o(.constdata)
    uc_hextab                                0x08002c78   Data          20  _printf_hex_int.o(.constdata)
    lc_hextab                                0x08002c8c   Data          20  _printf_hex_int.o(.constdata)
    .constdata                               0x08002ca0   Section       17  __printf_flags_ss.o(.constdata)
    maptable                                 0x08002ca0   Data          17  __printf_flags_ss.o(.constdata)
    .constdata                               0x08002cb1   Section        4  sys_io.o(.constdata)
    .constdata                               0x08002cb5   Section        4  sys_io.o(.constdata)
    .constdata                               0x08002cb9   Section        4  sys_io.o(.constdata)
    .data                                    0x20000000   Section       24  main.o(.data)
    .data                                    0x20000018   Section       12  stm32l4xx_hal.o(.data)
    .data                                    0x20000024   Section        4  system_stm32l4xx.o(.data)
    .data                                    0x20000028   Section        4  stdio_streams.o(.data)
    .data                                    0x2000002c   Section        4  stdio_streams.o(.data)
    .data                                    0x20000030   Section        4  stdio_streams.o(.data)
    .bss                                     0x20000034   Section       13  main.o(.bss)
    .bss                                     0x20000044   Section      132  usart.o(.bss)
    .bss                                     0x200000c8   Section       84  stdio_streams.o(.bss)
    .bss                                     0x2000011c   Section       84  stdio_streams.o(.bss)
    .bss                                     0x20000170   Section       84  stdio_streams.o(.bss)
    .bss                                     0x200001c4   Section       96  libspace.o(.bss)
    HEAP                                     0x20000228   Section      512  startup_stm32l431xx.o(HEAP)
    Heap_Mem                                 0x20000228   Data         512  startup_stm32l431xx.o(HEAP)
    STACK                                    0x20000428   Section     1024  startup_stm32l431xx.o(STACK)
    Stack_Mem                                0x20000428   Data        1024  startup_stm32l431xx.o(STACK)
    __initial_sp                             0x20000828   Data           0  startup_stm32l431xx.o(STACK)

    Global Symbols

    Symbol Name                              Value     Ov Type        Size  Object(Section)

    BuildAttributes$$THM_ISAv4$E$P$D$K$B$S$7EM$VFPi3$EXTD16$VFPS$VFMA$PE$A:L22UL41UL21$X:L11$S22US41US21$IEEE1$IW$USESV6$~STKCKD$USESV7$~SHL$OTIME$ROPI$EBA8$UX$STANDARDLIB$REQ8$PRES8$EABIv2 0x00000000   Number         0  anon$$obj.o ABSOLUTE
    __ARM_use_no_argv                        0x00000000   Number         0  main.o ABSOLUTE
    _printf_flags                            0x00000000   Number         0  printf_stubs.o ABSOLUTE
    _printf_return_value                     0x00000000   Number         0  printf_stubs.o ABSOLUTE
    _printf_sizespec                         0x00000000   Number         0  printf_stubs.o ABSOLUTE
    _printf_widthprec                        0x00000000   Number         0  printf_stubs.o ABSOLUTE
    __ARM_exceptions_init                     - Undefined Weak Reference
    __alloca_initialize                       - Undefined Weak Reference
    __arm_fini_                               - Undefined Weak Reference
    __arm_preinit_                            - Undefined Weak Reference
    __cpp_initialize__aeabi_                  - Undefined Weak Reference
    __cxa_finalize                            - Undefined Weak Reference
    __rt_locale                               - Undefined Weak Reference
    __sigvec_lookup                           - Undefined Weak Reference
    __user_heap_extent                        - Undefined Weak Reference
    _atexit_init                              - Undefined Weak Reference
    _call_atexit_fns                          - Undefined Weak Reference
    _clock_init                               - Undefined Weak Reference
    _fp_trap_init                             - Undefined Weak Reference
    _fp_trap_shutdown                         - Undefined Weak Reference
    _get_lc_collate                           - Undefined Weak Reference
    _get_lc_ctype                             - Undefined Weak Reference
    _get_lc_monetary                          - Undefined Weak Reference
    _get_lc_numeric                           - Undefined Weak Reference
    _get_lc_time                              - Undefined Weak Reference
    _getenv_init                              - Undefined Weak Reference
    _handle_redirection                       - Undefined Weak Reference
    _mutex_acquire                            - Undefined Weak Reference
    _mutex_free                               - Undefined Weak Reference
    _mutex_release                            - Undefined Weak Reference
    _printf_post_padding                      - Undefined Weak Reference
    _printf_pre_padding                       - Undefined Weak Reference
    _rand_init                                - Undefined Weak Reference
    _signal_finish                            - Undefined Weak Reference
    _signal_init                              - Undefined Weak Reference
    __Vectors_Size                           0x0000018c   Number         0  startup_stm32l431xx.o ABSOLUTE
    __Vectors                                0x08000000   Data           4  startup_stm32l431xx.o(RESET)
    __Vectors_End                            0x0800018c   Data           0  startup_stm32l431xx.o(RESET)
    __main                                   0x0800018d   Thumb Code     8  __main.o(!!!main)
    __scatterload                            0x08000195   Thumb Code     0  __scatter.o(!!!scatter)
    __scatterload_rt2                        0x08000195   Thumb Code    44  __scatter.o(!!!scatter)
    __scatterload_rt2_thumb_only             0x08000195   Thumb Code     0  __scatter.o(!!!scatter)
    __scatterload_null                       0x080001a3   Thumb Code     0  __scatter.o(!!!scatter)
    __scatterload_copy                       0x080001c9   Thumb Code    26  __scatter_copy.o(!!handler_copy)
    __scatterload_zeroinit                   0x080001e5   Thumb Code    28  __scatter_zi.o(!!handler_zi)
    _printf_d                                0x08000201   Thumb Code     0  _printf_d.o(.ARM.Collect$$_printf_percent$$00000009)
    _printf_percent                          0x08000201   Thumb Code     0  _printf_percent.o(.ARM.Collect$$_printf_percent$$00000000)
    _printf_x                                0x08000207   Thumb Code     0  _printf_x.o(.ARM.Collect$$_printf_percent$$0000000C)
    _printf_percent_end                      0x0800020d   Thumb Code     0  _printf_percent_end.o(.ARM.Collect$$_printf_percent$$00000017)
    __rt_lib_init                            0x08000211   Thumb Code     0  libinit.o(.ARM.Collect$$libinit$$00000000)
    __rt_lib_init_fp_1                       0x08000213   Thumb Code     0  libinit2.o(.ARM.Collect$$libinit$$00000001)
    __rt_lib_init_heap_2                     0x08000217   Thumb Code     0  libinit2.o(.ARM.Collect$$libinit$$00000005)
    __rt_lib_init_preinit_1                  0x08000217   Thumb Code     0  libinit2.o(.ARM.Collect$$libinit$$00000004)
    __rt_lib_init_atexit_1                   0x0800021f   Thumb Code     0  libinit2.o(.ARM.Collect$$libinit$$0000001B)
    __rt_lib_init_clock_1                    0x0800021f   Thumb Code     0  libinit2.o(.ARM.Collect$$libinit$$00000021)
    __rt_lib_init_fp_trap_1                  0x0800021f   Thumb Code     0  libinit2.o(.ARM.Collect$$libinit$$0000001F)
    __rt_lib_init_getenv_1                   0x0800021f   Thumb Code     0  libinit2.o(.ARM.Collect$$libinit$$00000023)
    __rt_lib_init_heap_1                     0x0800021f   Thumb Code     0  libinit2.o(.ARM.Collect$$libinit$$0000000A)
    __rt_lib_init_lc_collate_1               0x0800021f   Thumb Code     0  libinit2.o(.ARM.Collect$$libinit$$00000011)
    __rt_lib_init_lc_ctype_1                 0x0800021f   Thumb Code     0  libinit2.o(.ARM.Collect$$libinit$$00000013)
    __rt_lib_init_lc_monetary_1              0x0800021f   Thumb Code     0  libinit2.o(.ARM.Collect$$libinit$$00000015)
    __rt_lib_init_lc_numeric_1               0x0800021f   Thumb Code     0  libinit2.o(.ARM.Collect$$libinit$$00000017)
    __rt_lib_init_lc_time_1                  0x0800021f   Thumb Code     0  libinit2.o(.ARM.Collect$$libinit$$00000019)
    __rt_lib_init_rand_1                     0x0800021f   Thumb Code     0  libinit2.o(.ARM.Collect$$libinit$$0000000E)
    __rt_lib_init_signal_1                   0x0800021f   Thumb Code     0  libinit2.o(.ARM.Collect$$libinit$$0000001D)
    __rt_lib_init_stdio_2                    0x0800021f   Thumb Code     0  libinit2.o(.ARM.Collect$$libinit$$00000024)
    __rt_lib_init_user_alloc_1               0x0800021f   Thumb Code     0  libinit2.o(.ARM.Collect$$libinit$$0000000C)
    __rt_lib_init_alloca_1                   0x08000223   Thumb Code     0  libinit2.o(.ARM.Collect$$libinit$$0000002E)
    __rt_lib_init_argv_1                     0x08000223   Thumb Code     0  libinit2.o(.ARM.Collect$$libinit$$0000002C)
    __rt_lib_init_cpp_1                      0x08000223   Thumb Code     0  libinit2.o(.ARM.Collect$$libinit$$00000032)
    __rt_lib_init_exceptions_1               0x08000223   Thumb Code     0  libinit2.o(.ARM.Collect$$libinit$$00000030)
    __rt_lib_init_return                     0x08000223   Thumb Code     0  libinit2.o(.ARM.Collect$$libinit$$00000033)
    __rt_lib_init_stdio_1                    0x08000223   Thumb Code     0  libinit2.o(.ARM.Collect$$libinit$$00000025)
    __rt_lib_shutdown                        0x08000225   Thumb Code     0  libshutdown.o(.ARM.Collect$$libshutdown$$00000000)
    __rt_lib_shutdown_cpp_1                  0x08000227   Thumb Code     0  libshutdown2.o(.ARM.Collect$$libshutdown$$00000004)
    __rt_lib_shutdown_fini_1                 0x08000227   Thumb Code     0  libshutdown2.o(.ARM.Collect$$libshutdown$$00000002)
    __rt_lib_shutdown_stdio_2                0x08000227   Thumb Code     0  libshutdown2.o(.ARM.Collect$$libshutdown$$00000005)
    __rt_lib_shutdown_fp_trap_1              0x0800022b   Thumb Code     0  libshutdown2.o(.ARM.Collect$$libshutdown$$00000009)
    __rt_lib_shutdown_heap_1                 0x0800022b   Thumb Code     0  libshutdown2.o(.ARM.Collect$$libshutdown$$00000011)
    __rt_lib_shutdown_return                 0x0800022b   Thumb Code     0  libshutdown2.o(.ARM.Collect$$libshutdown$$00000012)
    __rt_lib_shutdown_signal_1               0x0800022b   Thumb Code     0  libshutdown2.o(.ARM.Collect$$libshutdown$$0000000C)
    __rt_lib_shutdown_stdio_1                0x0800022b   Thumb Code     0  libshutdown2.o(.ARM.Collect$$libshutdown$$00000006)
    __rt_lib_shutdown_user_alloc_1           0x0800022b   Thumb Code     0  libshutdown2.o(.ARM.Collect$$libshutdown$$0000000E)
    __rt_entry                               0x0800022d   Thumb Code     0  __rtentry.o(.ARM.Collect$$rtentry$$00000000)
    __rt_entry_presh_1                       0x0800022d   Thumb Code     0  __rtentry2.o(.ARM.Collect$$rtentry$$00000002)
    __rt_entry_sh                            0x0800022d   Thumb Code     0  __rtentry4.o(.ARM.Collect$$rtentry$$00000004)
    __rt_entry_li                            0x08000233   Thumb Code     0  __rtentry2.o(.ARM.Collect$$rtentry$$0000000A)
    __rt_entry_postsh_1                      0x08000233   Thumb Code     0  __rtentry2.o(.ARM.Collect$$rtentry$$00000009)
    __rt_entry_main                          0x08000237   Thumb Code     0  __rtentry2.o(.ARM.Collect$$rtentry$$0000000D)
    __rt_entry_postli_1                      0x08000237   Thumb Code     0  __rtentry2.o(.ARM.Collect$$rtentry$$0000000C)
    __rt_exit                                0x0800023f   Thumb Code     0  rtexit.o(.ARM.Collect$$rtexit$$00000000)
    __rt_exit_ls                             0x08000241   Thumb Code     0  rtexit2.o(.ARM.Collect$$rtexit$$00000003)
    __rt_exit_prels_1                        0x08000241   Thumb Code     0  rtexit2.o(.ARM.Collect$$rtexit$$00000002)
    __rt_exit_exit                           0x08000245   Thumb Code     0  rtexit2.o(.ARM.Collect$$rtexit$$00000004)
    Reset_Handler                            0x0800024d   Thumb Code     8  startup_stm32l431xx.o(.text)
    _maybe_terminate_alloc                   0x0800024d   Thumb Code     0  maybetermalloc1.o(.emb_text)
    ADC1_IRQHandler                          0x08000267   Thumb Code     0  startup_stm32l431xx.o(.text)
    CAN1_RX0_IRQHandler                      0x08000267   Thumb Code     0  startup_stm32l431xx.o(.text)
    CAN1_RX1_IRQHandler                      0x08000267   Thumb Code     0  startup_stm32l431xx.o(.text)
    CAN1_SCE_IRQHandler                      0x08000267   Thumb Code     0  startup_stm32l431xx.o(.text)
    CAN1_TX_IRQHandler                       0x08000267   Thumb Code     0  startup_stm32l431xx.o(.text)
    COMP_IRQHandler                          0x08000267   Thumb Code     0  startup_stm32l431xx.o(.text)
    CRS_IRQHandler                           0x08000267   Thumb Code     0  startup_stm32l431xx.o(.text)
    DMA1_Channel1_IRQHandler                 0x08000267   Thumb Code     0  startup_stm32l431xx.o(.text)
    DMA1_Channel2_IRQHandler                 0x08000267   Thumb Code     0  startup_stm32l431xx.o(.text)
    DMA1_Channel3_IRQHandler                 0x08000267   Thumb Code     0  startup_stm32l431xx.o(.text)
    DMA1_Channel4_IRQHandler                 0x08000267   Thumb Code     0  startup_stm32l431xx.o(.text)
    DMA1_Channel5_IRQHandler                 0x08000267   Thumb Code     0  startup_stm32l431xx.o(.text)
    DMA1_Channel6_IRQHandler                 0x08000267   Thumb Code     0  startup_stm32l431xx.o(.text)
    DMA1_Channel7_IRQHandler                 0x08000267   Thumb Code     0  startup_stm32l431xx.o(.text)
    DMA2_Channel1_IRQHandler                 0x08000267   Thumb Code     0  startup_stm32l431xx.o(.text)
    DMA2_Channel2_IRQHandler                 0x08000267   Thumb Code     0  startup_stm32l431xx.o(.text)
    DMA2_Channel3_IRQHandler                 0x08000267   Thumb Code     0  startup_stm32l431xx.o(.text)
    DMA2_Channel4_IRQHandler                 0x08000267   Thumb Code     0  startup_stm32l431xx.o(.text)
    DMA2_Channel5_IRQHandler                 0x08000267   Thumb Code     0  startup_stm32l431xx.o(.text)
    DMA2_Channel6_IRQHandler                 0x08000267   Thumb Code     0  startup_stm32l431xx.o(.text)
    DMA2_Channel7_IRQHandler                 0x08000267   Thumb Code     0  startup_stm32l431xx.o(.text)
    EXTI0_IRQHandler                         0x08000267   Thumb Code     0  startup_stm32l431xx.o(.text)
    EXTI15_10_IRQHandler                     0x08000267   Thumb Code     0  startup_stm32l431xx.o(.text)
    EXTI1_IRQHandler                         0x08000267   Thumb Code     0  startup_stm32l431xx.o(.text)
    EXTI2_IRQHandler                         0x08000267   Thumb Code     0  startup_stm32l431xx.o(.text)
    EXTI3_IRQHandler                         0x08000267   Thumb Code     0  startup_stm32l431xx.o(.text)
    EXTI4_IRQHandler                         0x08000267   Thumb Code     0  startup_stm32l431xx.o(.text)
    EXTI9_5_IRQHandler                       0x08000267   Thumb Code     0  startup_stm32l431xx.o(.text)
    FLASH_IRQHandler                         0x08000267   Thumb Code     0  startup_stm32l431xx.o(.text)
    FPU_IRQHandler                           0x08000267   Thumb Code     0  startup_stm32l431xx.o(.text)
    I2C1_ER_IRQHandler                       0x08000267   Thumb Code     0  startup_stm32l431xx.o(.text)
    I2C1_EV_IRQHandler                       0x08000267   Thumb Code     0  startup_stm32l431xx.o(.text)
    I2C2_ER_IRQHandler                       0x08000267   Thumb Code     0  startup_stm32l431xx.o(.text)
    I2C2_EV_IRQHandler                       0x08000267   Thumb Code     0  startup_stm32l431xx.o(.text)
    I2C3_ER_IRQHandler                       0x08000267   Thumb Code     0  startup_stm32l431xx.o(.text)
    I2C3_EV_IRQHandler                       0x08000267   Thumb Code     0  startup_stm32l431xx.o(.text)
    LPTIM1_IRQHandler                        0x08000267   Thumb Code     0  startup_stm32l431xx.o(.text)
    LPTIM2_IRQHandler                        0x08000267   Thumb Code     0  startup_stm32l431xx.o(.text)
    LPUART1_IRQHandler                       0x08000267   Thumb Code     0  startup_stm32l431xx.o(.text)
    PVD_PVM_IRQHandler                       0x08000267   Thumb Code     0  startup_stm32l431xx.o(.text)
    QUADSPI_IRQHandler                       0x08000267   Thumb Code     0  startup_stm32l431xx.o(.text)
    RCC_IRQHandler                           0x08000267   Thumb Code     0  startup_stm32l431xx.o(.text)
    RNG_IRQHandler                           0x08000267   Thumb Code     0  startup_stm32l431xx.o(.text)
    RTC_Alarm_IRQHandler                     0x08000267   Thumb Code     0  startup_stm32l431xx.o(.text)
    RTC_WKUP_IRQHandler                      0x08000267   Thumb Code     0  startup_stm32l431xx.o(.text)
    SAI1_IRQHandler                          0x08000267   Thumb Code     0  startup_stm32l431xx.o(.text)
    SDMMC1_IRQHandler                        0x08000267   Thumb Code     0  startup_stm32l431xx.o(.text)
    SPI1_IRQHandler                          0x08000267   Thumb Code     0  startup_stm32l431xx.o(.text)
    SPI2_IRQHandler                          0x08000267   Thumb Code     0  startup_stm32l431xx.o(.text)
    SPI3_IRQHandler                          0x08000267   Thumb Code     0  startup_stm32l431xx.o(.text)
    SWPMI1_IRQHandler                        0x08000267   Thumb Code     0  startup_stm32l431xx.o(.text)
    TAMP_STAMP_IRQHandler                    0x08000267   Thumb Code     0  startup_stm32l431xx.o(.text)
    TIM1_BRK_TIM15_IRQHandler                0x08000267   Thumb Code     0  startup_stm32l431xx.o(.text)
    TIM1_CC_IRQHandler                       0x08000267   Thumb Code     0  startup_stm32l431xx.o(.text)
    TIM1_TRG_COM_IRQHandler                  0x08000267   Thumb Code     0  startup_stm32l431xx.o(.text)
    TIM1_UP_TIM16_IRQHandler                 0x08000267   Thumb Code     0  startup_stm32l431xx.o(.text)
    TIM2_IRQHandler                          0x08000267   Thumb Code     0  startup_stm32l431xx.o(.text)
    TIM6_DAC_IRQHandler                      0x08000267   Thumb Code     0  startup_stm32l431xx.o(.text)
    TIM7_IRQHandler                          0x08000267   Thumb Code     0  startup_stm32l431xx.o(.text)
    TSC_IRQHandler                           0x08000267   Thumb Code     0  startup_stm32l431xx.o(.text)
    USART2_IRQHandler                        0x08000267   Thumb Code     0  startup_stm32l431xx.o(.text)
    USART3_IRQHandler                        0x08000267   Thumb Code     0  startup_stm32l431xx.o(.text)
    WWDG_IRQHandler                          0x08000267   Thumb Code     0  startup_stm32l431xx.o(.text)
    __user_initial_stackheap                 0x08000269   Thumb Code     0  startup_stm32l431xx.o(.text)
    __aeabi_uldivmod                         0x0800028d   Thumb Code     0  lludivv7m.o(.text)
    _ll_udiv                                 0x0800028d   Thumb Code   238  lludivv7m.o(.text)
    __2printf                                0x0800037d   Thumb Code    20  noretval__2printf.o(.text)
    _printf_truncate_signed                  0x08000395   Thumb Code    18  _printf_truncate.o(.text)
    _printf_truncate_unsigned                0x080003a7   Thumb Code    18  _printf_truncate.o(.text)
    _printf_int_dec                          0x080003b9   Thumb Code   104  _printf_dec.o(.text)
    _printf_int_hex                          0x08000431   Thumb Code    84  _printf_hex_int.o(.text)
    _printf_longlong_hex                     0x08000431   Thumb Code     0  _printf_hex_int.o(.text)
    __printf                                 0x08000489   Thumb Code   232  __printf_flags_ss.o(.text)
    __aeabi_memclr4                          0x08000575   Thumb Code     0  rt_memclr_w.o(.text)
    __aeabi_memclr8                          0x08000575   Thumb Code     0  rt_memclr_w.o(.text)
    __rt_memclr_w                            0x08000575   Thumb Code    78  rt_memclr_w.o(.text)
    _memset_w                                0x08000579   Thumb Code     0  rt_memclr_w.o(.text)
    __use_two_region_memory                  0x080005c3   Thumb Code     2  heapauxi.o(.text)
    __rt_heap_escrow                         0x080005c5   Thumb Code     2  heapauxi.o(.text)
    __rt_heap_expand                         0x080005c7   Thumb Code     2  heapauxi.o(.text)
    _printf_int_common                       0x080005c9   Thumb Code   178  _printf_intcommon.o(.text)
    _printf_char_file                        0x0800067d   Thumb Code    32  _printf_char_file.o(.text)
    _printf_char_common                      0x080006ab   Thumb Code    32  _printf_char_common.o(.text)
    ferror                                   0x080006d1   Thumb Code     8  ferror.o(.text)
    _initio                                  0x080006d9   Thumb Code   210  initio.o(.text)
    _terminateio                             0x080007ab   Thumb Code    56  initio.o(.text)
    _sys_open                                0x08000811   Thumb Code    20  sys_io.o(.text)
    _sys_close                               0x08000825   Thumb Code    12  sys_io.o(.text)
    _sys_write                               0x08000831   Thumb Code    16  sys_io.o(.text)
    _sys_read                                0x08000841   Thumb Code    14  sys_io.o(.text)
    _sys_istty                               0x0800084f   Thumb Code    12  sys_io.o(.text)
    _sys_seek                                0x0800085b   Thumb Code    14  sys_io.o(.text)
    _sys_ensure                              0x08000869   Thumb Code     2  sys_io.o(.text)
    _sys_flen                                0x0800086b   Thumb Code    12  sys_io.o(.text)
    __user_setup_stackheap                   0x08000877   Thumb Code    74  sys_stackheap_outer.o(.text)
    free                                     0x080008c1   Thumb Code    78  h1_free.o(.text)
    setvbuf                                  0x0800090f   Thumb Code    70  setvbuf.o(.text)
    freopen                                  0x08000955   Thumb Code   158  fopen.o(.text)
    fopen                                    0x080009f3   Thumb Code    74  fopen.o(.text)
    _fclose_internal                         0x08000a41   Thumb Code    76  fclose.o(.text)
    fclose                                   0x08000a41   Thumb Code     0  fclose.o(.text)
    exit                                     0x08000a8d   Thumb Code    18  exit.o(.text)
    __rt_SIGRTRED                            0x08000a9f   Thumb Code    14  defsig_rtred_outer.o(.text)
    __user_libspace                          0x08000aad   Thumb Code     8  libspace.o(.text)
    __user_perproc_libspace                  0x08000aad   Thumb Code     0  libspace.o(.text)
    __user_perthread_libspace                0x08000aad   Thumb Code     0  libspace.o(.text)
    __I$use$semihosting                      0x08000ab5   Thumb Code     0  use_no_semi.o(.text)
    __use_no_semihosting_swi                 0x08000ab5   Thumb Code     2  use_no_semi.o(.text)
    __semihosting_library_function           0x08000ab7   Thumb Code     0  indicate_semi.o(.text)
    __rt_heap_descriptor                     0x08000ab9   Thumb Code     8  rt_heap_descriptor_intlibspace.o(.text)
    __use_no_heap                            0x08000ac1   Thumb Code     2  hguard.o(.text)
    __heap$guard                             0x08000ac3   Thumb Code     2  hguard.o(.text)
    _terminate_user_alloc                    0x08000ac5   Thumb Code     2  init_alloc.o(.text)
    _init_user_alloc                         0x08000ac7   Thumb Code     2  init_alloc.o(.text)
    __Heap_Full                              0x08000ac9   Thumb Code    34  init_alloc.o(.text)
    __Heap_Broken                            0x08000aeb   Thumb Code     6  init_alloc.o(.text)
    _init_alloc                              0x08000af1   Thumb Code    94  init_alloc.o(.text)
    malloc                                   0x08000b4f   Thumb Code    94  h1_alloc.o(.text)
    _fseek                                   0x08000bad   Thumb Code   242  fseek.o(.text)
    fseek                                    0x08000bad   Thumb Code     0  fseek.o(.text)
    _seterr                                  0x08000ca5   Thumb Code    20  stdio.o(.text)
    _writebuf                                0x08000cb9   Thumb Code    84  stdio.o(.text)
    _fflush                                  0x08000d0d   Thumb Code    70  stdio.o(.text)
    _deferredlazyseek                        0x08000d53   Thumb Code    60  stdio.o(.text)
    __sig_exit                               0x08000d95   Thumb Code    10  defsig_exit.o(.text)
    __rt_SIGRTRED_inner                      0x08000da1   Thumb Code    14  defsig_rtred_inner.o(.text)
    strlen                                   0x08000dd5   Thumb Code    62  strlen.o(.text)
    _sys_exit                                0x08000e15   Thumb Code     8  sys_exit.o(.text)
    __Heap_Initialize                        0x08000e21   Thumb Code    10  h1_init.o(.text)
    __Heap_DescSize                          0x08000e2b   Thumb Code     4  h1_init.o(.text)
    __Heap_ProvideMemory                     0x08000e2f   Thumb Code    52  h1_extend.o(.text)
    _ftell_internal                          0x08000e63   Thumb Code    66  ftell.o(.text)
    ftell                                    0x08000e63   Thumb Code     0  ftell.o(.text)
    __default_signal_display                 0x08000ea5   Thumb Code    50  defsig_general.o(.text)
    __rt_SIGRTMEM                            0x08000ed7   Thumb Code    14  defsig_rtmem_outer.o(.text)
    _ttywrch                                 0x08000ee5   Thumb Code    14  sys_wrch.o(.text)
    __aeabi_errno_addr                       0x08000ef5   Thumb Code     8  rt_errno_addr_intlibspace.o(.text)
    __errno$intlibspace                      0x08000ef5   Thumb Code     0  rt_errno_addr_intlibspace.o(.text)
    __rt_errno_addr$intlibspace              0x08000ef5   Thumb Code     0  rt_errno_addr_intlibspace.o(.text)
    __rt_SIGRTMEM_inner                      0x08000efd   Thumb Code    22  defsig_rtmem_inner.o(.text)
    BusFault_Handler                         0x08000f4d   Thumb Code     2  stm32l4xx_it.o(i.BusFault_Handler)
    DebugMon_Handler                         0x08000f4f   Thumb Code     2  stm32l4xx_it.o(i.DebugMon_Handler)
    Error_Handler                            0x08000f51   Thumb Code     4  main.o(i.Error_Handler)
    HAL_DMA_Abort                            0x08000f55   Thumb Code    74  stm32l4xx_hal_dma.o(i.HAL_DMA_Abort)
    HAL_DMA_Abort_IT                         0x08000f9f   Thumb Code    78  stm32l4xx_hal_dma.o(i.HAL_DMA_Abort_IT)
    HAL_GPIO_Init                            0x08000fed   Thumb Code   412  stm32l4xx_hal_gpio.o(i.HAL_GPIO_Init)
    HAL_GetTick                              0x080011ad   Thumb Code     6  stm32l4xx_hal.o(i.HAL_GetTick)
    HAL_IncTick                              0x080011b9   Thumb Code    12  stm32l4xx_hal.o(i.HAL_IncTick)
    HAL_Init                                 0x080011c9   Thumb Code    30  stm32l4xx_hal.o(i.HAL_Init)
    HAL_InitTick                             0x080011e9   Thumb Code    58  stm32l4xx_hal.o(i.HAL_InitTick)
    HAL_MspInit                              0x0800122d   Thumb Code    38  stm32l4xx_hal_msp.o(i.HAL_MspInit)
    HAL_NVIC_EnableIRQ                       0x08001259   Thumb Code    26  stm32l4xx_hal_cortex.o(i.HAL_NVIC_EnableIRQ)
    HAL_NVIC_SetPriority                     0x08001275   Thumb Code    60  stm32l4xx_hal_cortex.o(i.HAL_NVIC_SetPriority)
    HAL_NVIC_SetPriorityGrouping             0x080012b5   Thumb Code    26  stm32l4xx_hal_cortex.o(i.HAL_NVIC_SetPriorityGrouping)
    HAL_PWREx_ControlVoltageScaling          0x080012d9   Thumb Code    90  stm32l4xx_hal_pwr_ex.o(i.HAL_PWREx_ControlVoltageScaling)
    HAL_PWREx_GetVoltageRange                0x08001341   Thumb Code    10  stm32l4xx_hal_pwr_ex.o(i.HAL_PWREx_GetVoltageRange)
    HAL_RCCEx_PeriphCLKConfig                0x08001351   Thumb Code   682  stm32l4xx_hal_rcc_ex.o(i.HAL_RCCEx_PeriphCLKConfig)
    HAL_RCC_ClockConfig                      0x0800160d   Thumb Code   266  stm32l4xx_hal_rcc.o(i.HAL_RCC_ClockConfig)
    HAL_RCC_GetPCLK1Freq                     0x0800172d   Thumb Code    24  stm32l4xx_hal_rcc.o(i.HAL_RCC_GetPCLK1Freq)
    HAL_RCC_GetPCLK2Freq                     0x08001751   Thumb Code    24  stm32l4xx_hal_rcc.o(i.HAL_RCC_GetPCLK2Freq)
    HAL_RCC_GetSysClockFreq                  0x08001775   Thumb Code   150  stm32l4xx_hal_rcc.o(i.HAL_RCC_GetSysClockFreq)
    HAL_RCC_OscConfig                        0x08001819   Thumb Code  1382  stm32l4xx_hal_rcc.o(i.HAL_RCC_OscConfig)
    HAL_SYSTICK_Config                       0x08001d85   Thumb Code    40  stm32l4xx_hal_cortex.o(i.HAL_SYSTICK_Config)
    HAL_UARTEx_RxEventCallback               0x08001dad   Thumb Code     2  stm32l4xx_hal_uart.o(i.HAL_UARTEx_RxEventCallback)
    HAL_UARTEx_WakeupCallback                0x08001daf   Thumb Code     2  stm32l4xx_hal_uart_ex.o(i.HAL_UARTEx_WakeupCallback)
    HAL_UART_ErrorCallback                   0x08001db1   Thumb Code     2  stm32l4xx_hal_uart.o(i.HAL_UART_ErrorCallback)
    HAL_UART_IRQHandler                      0x08001db5   Thumb Code   562  stm32l4xx_hal_uart.o(i.HAL_UART_IRQHandler)
    HAL_UART_Init                            0x08001ff1   Thumb Code   102  stm32l4xx_hal_uart.o(i.HAL_UART_Init)
    HAL_UART_MspInit                         0x08002059   Thumb Code   134  usart.o(i.HAL_UART_MspInit)
    HAL_UART_Receive_IT                      0x080020e9   Thumb Code    68  stm32l4xx_hal_uart.o(i.HAL_UART_Receive_IT)
    HAL_UART_RxCpltCallback                  0x08002131   Thumb Code    38  main.o(i.HAL_UART_RxCpltCallback)
    HAL_UART_Transmit_IT                     0x08002161   Thumb Code    94  stm32l4xx_hal_uart.o(i.HAL_UART_Transmit_IT)
    HAL_UART_TxCpltCallback                  0x080021c9   Thumb Code     2  stm32l4xx_hal_uart.o(i.HAL_UART_TxCpltCallback)
    HardFault_Handler                        0x080021cb   Thumb Code     2  stm32l4xx_it.o(i.HardFault_Handler)
    MX_GPIO_Init                             0x080021cd   Thumb Code    54  gpio.o(i.MX_GPIO_Init)
    MX_USART1_UART_Init                      0x08002209   Thumb Code    52  usart.o(i.MX_USART1_UART_Init)
    MemManage_Handler                        0x08002245   Thumb Code     2  stm32l4xx_it.o(i.MemManage_Handler)
    NMI_Handler                              0x08002247   Thumb Code     2  stm32l4xx_it.o(i.NMI_Handler)
    PendSV_Handler                           0x08002249   Thumb Code     2  stm32l4xx_it.o(i.PendSV_Handler)
    SVC_Handler                              0x080023f5   Thumb Code     2  stm32l4xx_it.o(i.SVC_Handler)
    SysTick_Handler                          0x080023f7   Thumb Code     4  stm32l4xx_it.o(i.SysTick_Handler)
    SystemClock_Config                       0x080023fb   Thumb Code   134  main.o(i.SystemClock_Config)
    SystemInit                               0x08002481   Thumb Code    48  system_stm32l4xx.o(i.SystemInit)
    UART_AdvFeatureConfig                    0x080024bd   Thumb Code   200  stm32l4xx_hal_uart.o(i.UART_AdvFeatureConfig)
    UART_CheckIdleState                      0x08002585   Thumb Code    92  stm32l4xx_hal_uart.o(i.UART_CheckIdleState)
    UART_SetConfig                           0x0800271d   Thumb Code   478  stm32l4xx_hal_uart.o(i.UART_SetConfig)
    UART_Start_Receive_IT                    0x0800291d   Thumb Code   134  stm32l4xx_hal_uart.o(i.UART_Start_Receive_IT)
    UART_WaitOnFlagUntilTimeout              0x08002a29   Thumb Code   164  stm32l4xx_hal_uart.o(i.UART_WaitOnFlagUntilTimeout)
    USART1_IRQHandler                        0x08002acd   Thumb Code     6  stm32l4xx_it.o(i.USART1_IRQHandler)
    UsageFault_Handler                       0x08002ad9   Thumb Code     2  stm32l4xx_it.o(i.UsageFault_Handler)
    fputc                                    0x08002afd   Thumb Code    18  usart.o(i.fputc)
    main                                     0x08002b15   Thumb Code   114  main.o(i.main)
    _fp_init                                 0x08002c25   Thumb Code    10  fpinit.o(x$fpl$fpinit)
    __fplib_config_fpu_vfp                   0x08002c2d   Thumb Code     0  fpinit.o(x$fpl$fpinit)
    __fplib_config_pureend_doubles           0x08002c2d   Thumb Code     0  fpinit.o(x$fpl$fpinit)
    AHBPrescTable                            0x08002c30   Data          16  system_stm32l4xx.o(.constdata)
    MSIRangeTable                            0x08002c40   Data          48  system_stm32l4xx.o(.constdata)
    APBPrescTable                            0x08002c70   Data           8  system_stm32l4xx.o(.constdata)
    __stdin_name                             0x08002cb1   Data           4  sys_io.o(.constdata)
    __stdout_name                            0x08002cb5   Data           4  sys_io.o(.constdata)
    __stderr_name                            0x08002cb9   Data           4  sys_io.o(.constdata)
    Region$$Table$$Base                      0x08002cc0   Number         0  anon$$obj.o(Region$$Table)
    Region$$Table$$Limit                     0x08002ce0   Number         0  anon$$obj.o(Region$$Table)
    hello                                    0x20000000   Data          24  main.o(.data)
    uwTickFreq                               0x20000018   Data           1  stm32l4xx_hal.o(.data)
    uwTickPrio                               0x2000001c   Data           4  stm32l4xx_hal.o(.data)
    uwTick                                   0x20000020   Data           4  stm32l4xx_hal.o(.data)
    SystemCoreClock                          0x20000024   Data           4  system_stm32l4xx.o(.data)
    __aeabi_stdin                            0x20000028   Data           4  stdio_streams.o(.data)
    __aeabi_stdout                           0x2000002c   Data           4  stdio_streams.o(.data)
    __aeabi_stderr                           0x20000030   Data           4  stdio_streams.o(.data)
    recv_buf                                 0x20000034   Data          13  main.o(.bss)
    huart1                                   0x20000044   Data         132  usart.o(.bss)
    __stdin                                  0x200000c8   Data          84  stdio_streams.o(.bss)
    __stdout                                 0x2000011c   Data          84  stdio_streams.o(.bss)
    __stderr                                 0x20000170   Data          84  stdio_streams.o(.bss)
    __libspace_start                         0x200001c4   Data          96  libspace.o(.bss)
    __temporary_stack_top$libspace           0x20000224   Data           0  libspace.o(.bss)



==============================================================================

Memory Map of the image

  Image Entry point : 0x0800018d

  Load Region LR_IROM1 (Base: 0x08000000, Size: 0x00002d14, Max: 0x00040000, ABSOLUTE)

    Execution Region ER_IROM1 (Exec base: 0x08000000, Load base: 0x08000000, Size: 0x00002ce0, Max: 0x00040000, ABSOLUTE)

    Exec Addr    Load Addr    Size         Type   Attr      Idx    E Section Name        Object

    0x08000000   0x08000000   0x0000018c   Data   RO            3    RESET               startup_stm32l431xx.o
    0x0800018c   0x0800018c   0x00000008   Code   RO         2890  * !!!main             c_w.l(__main.o)
    0x08000194   0x08000194   0x00000034   Code   RO         3223    !!!scatter          c_w.l(__scatter.o)
    0x080001c8   0x080001c8   0x0000001a   Code   RO         3225    !!handler_copy      c_w.l(__scatter_copy.o)
    0x080001e2   0x080001e2   0x00000002   PAD
    0x080001e4   0x080001e4   0x0000001c   Code   RO         3227    !!handler_zi        c_w.l(__scatter_zi.o)
    0x08000200   0x08000200   0x00000000   Code   RO         2885    .ARM.Collect$$_printf_percent$$00000000  c_w.l(_printf_percent.o)
    0x08000200   0x08000200   0x00000006   Code   RO         2884    .ARM.Collect$$_printf_percent$$00000009  c_w.l(_printf_d.o)
    0x08000206   0x08000206   0x00000006   Code   RO         2883    .ARM.Collect$$_printf_percent$$0000000C  c_w.l(_printf_x.o)
    0x0800020c   0x0800020c   0x00000004   Code   RO         2901    .ARM.Collect$$_printf_percent$$00000017  c_w.l(_printf_percent_end.o)
    0x08000210   0x08000210   0x00000002   Code   RO         3028    .ARM.Collect$$libinit$$00000000  c_w.l(libinit.o)
    0x08000212   0x08000212   0x00000004   Code   RO         3029    .ARM.Collect$$libinit$$00000001  c_w.l(libinit2.o)
    0x08000216   0x08000216   0x00000000   Code   RO         3032    .ARM.Collect$$libinit$$00000004  c_w.l(libinit2.o)
    0x08000216   0x08000216   0x00000008   Code   RO         3033    .ARM.Collect$$libinit$$00000005  c_w.l(libinit2.o)
    0x0800021e   0x0800021e   0x00000000   Code   RO         3035    .ARM.Collect$$libinit$$0000000A  c_w.l(libinit2.o)
    0x0800021e   0x0800021e   0x00000000   Code   RO         3037    .ARM.Collect$$libinit$$0000000C  c_w.l(libinit2.o)
    0x0800021e   0x0800021e   0x00000000   Code   RO         3039    .ARM.Collect$$libinit$$0000000E  c_w.l(libinit2.o)
    0x0800021e   0x0800021e   0x00000000   Code   RO         3042    .ARM.Collect$$libinit$$00000011  c_w.l(libinit2.o)
    0x0800021e   0x0800021e   0x00000000   Code   RO         3044    .ARM.Collect$$libinit$$00000013  c_w.l(libinit2.o)
    0x0800021e   0x0800021e   0x00000000   Code   RO         3046    .ARM.Collect$$libinit$$00000015  c_w.l(libinit2.o)
    0x0800021e   0x0800021e   0x00000000   Code   RO         3048    .ARM.Collect$$libinit$$00000017  c_w.l(libinit2.o)
    0x0800021e   0x0800021e   0x00000000   Code   RO         3050    .ARM.Collect$$libinit$$00000019  c_w.l(libinit2.o)
    0x0800021e   0x0800021e   0x00000000   Code   RO         3052    .ARM.Collect$$libinit$$0000001B  c_w.l(libinit2.o)
    0x0800021e   0x0800021e   0x00000000   Code   RO         3054    .ARM.Collect$$libinit$$0000001D  c_w.l(libinit2.o)
    0x0800021e   0x0800021e   0x00000000   Code   RO         3056    .ARM.Collect$$libinit$$0000001F  c_w.l(libinit2.o)
    0x0800021e   0x0800021e   0x00000000   Code   RO         3058    .ARM.Collect$$libinit$$00000021  c_w.l(libinit2.o)
    0x0800021e   0x0800021e   0x00000000   Code   RO         3060    .ARM.Collect$$libinit$$00000023  c_w.l(libinit2.o)
    0x0800021e   0x0800021e   0x00000004   Code   RO         3061    .ARM.Collect$$libinit$$00000024  c_w.l(libinit2.o)
    0x08000222   0x08000222   0x00000000   Code   RO         3062    .ARM.Collect$$libinit$$00000025  c_w.l(libinit2.o)
    0x08000222   0x08000222   0x00000000   Code   RO         3066    .ARM.Collect$$libinit$$0000002C  c_w.l(libinit2.o)
    0x08000222   0x08000222   0x00000000   Code   RO         3068    .ARM.Collect$$libinit$$0000002E  c_w.l(libinit2.o)
    0x08000222   0x08000222   0x00000000   Code   RO         3070    .ARM.Collect$$libinit$$00000030  c_w.l(libinit2.o)
    0x08000222   0x08000222   0x00000000   Code   RO         3072    .ARM.Collect$$libinit$$00000032  c_w.l(libinit2.o)
    0x08000222   0x08000222   0x00000002   Code   RO         3073    .ARM.Collect$$libinit$$00000033  c_w.l(libinit2.o)
    0x08000224   0x08000224   0x00000002   Code   RO         3204    .ARM.Collect$$libshutdown$$00000000  c_w.l(libshutdown.o)
    0x08000226   0x08000226   0x00000000   Code   RO         3075    .ARM.Collect$$libshutdown$$00000002  c_w.l(libshutdown2.o)
    0x08000226   0x08000226   0x00000000   Code   RO         3077    .ARM.Collect$$libshutdown$$00000004  c_w.l(libshutdown2.o)
    0x08000226   0x08000226   0x00000004   Code   RO         3078    .ARM.Collect$$libshutdown$$00000005  c_w.l(libshutdown2.o)
    0x0800022a   0x0800022a   0x00000000   Code   RO         3079    .ARM.Collect$$libshutdown$$00000006  c_w.l(libshutdown2.o)
    0x0800022a   0x0800022a   0x00000000   Code   RO         3082    .ARM.Collect$$libshutdown$$00000009  c_w.l(libshutdown2.o)
    0x0800022a   0x0800022a   0x00000000   Code   RO         3085    .ARM.Collect$$libshutdown$$0000000C  c_w.l(libshutdown2.o)
    0x0800022a   0x0800022a   0x00000000   Code   RO         3087    .ARM.Collect$$libshutdown$$0000000E  c_w.l(libshutdown2.o)
    0x0800022a   0x0800022a   0x00000000   Code   RO         3090    .ARM.Collect$$libshutdown$$00000011  c_w.l(libshutdown2.o)
    0x0800022a   0x0800022a   0x00000002   Code   RO         3091    .ARM.Collect$$libshutdown$$00000012  c_w.l(libshutdown2.o)
    0x0800022c   0x0800022c   0x00000000   Code   RO         2892    .ARM.Collect$$rtentry$$00000000  c_w.l(__rtentry.o)
    0x0800022c   0x0800022c   0x00000000   Code   RO         2909    .ARM.Collect$$rtentry$$00000002  c_w.l(__rtentry2.o)
    0x0800022c   0x0800022c   0x00000006   Code   RO         2921    .ARM.Collect$$rtentry$$00000004  c_w.l(__rtentry4.o)
    0x08000232   0x08000232   0x00000000   Code   RO         2911    .ARM.Collect$$rtentry$$00000009  c_w.l(__rtentry2.o)
    0x08000232   0x08000232   0x00000004   Code   RO         2912    .ARM.Collect$$rtentry$$0000000A  c_w.l(__rtentry2.o)
    0x08000236   0x08000236   0x00000000   Code   RO         2914    .ARM.Collect$$rtentry$$0000000C  c_w.l(__rtentry2.o)
    0x08000236   0x08000236   0x00000008   Code   RO         2915    .ARM.Collect$$rtentry$$0000000D  c_w.l(__rtentry2.o)
    0x0800023e   0x0800023e   0x00000002   Code   RO         3098    .ARM.Collect$$rtexit$$00000000  c_w.l(rtexit.o)
    0x08000240   0x08000240   0x00000000   Code   RO         3150    .ARM.Collect$$rtexit$$00000002  c_w.l(rtexit2.o)
    0x08000240   0x08000240   0x00000004   Code   RO         3151    .ARM.Collect$$rtexit$$00000003  c_w.l(rtexit2.o)
    0x08000244   0x08000244   0x00000006   Code   RO         3152    .ARM.Collect$$rtexit$$00000004  c_w.l(rtexit2.o)
    0x0800024a   0x0800024a   0x00000002   PAD
    0x0800024c   0x0800024c   0x00000000   Code   RO         3156    .emb_text           c_w.l(maybetermalloc1.o)
    0x0800024c   0x0800024c   0x00000040   Code   RO            4    .text               startup_stm32l431xx.o
    0x0800028c   0x0800028c   0x000000ee   Code   RO         2830    .text               c_w.l(lludivv7m.o)
    0x0800037a   0x0800037a   0x00000002   PAD
    0x0800037c   0x0800037c   0x00000018   Code   RO         2834    .text               c_w.l(noretval__2printf.o)
    0x08000394   0x08000394   0x00000024   Code   RO         2838    .text               c_w.l(_printf_truncate.o)
    0x080003b8   0x080003b8   0x00000078   Code   RO         2840    .text               c_w.l(_printf_dec.o)
    0x08000430   0x08000430   0x00000058   Code   RO         2845    .text               c_w.l(_printf_hex_int.o)
    0x08000488   0x08000488   0x000000ec   Code   RO         2868    .text               c_w.l(__printf_flags_ss.o)
    0x08000574   0x08000574   0x0000004e   Code   RO         2886    .text               c_w.l(rt_memclr_w.o)
    0x080005c2   0x080005c2   0x00000006   Code   RO         2888    .text               c_w.l(heapauxi.o)
    0x080005c8   0x080005c8   0x000000b2   Code   RO         2897    .text               c_w.l(_printf_intcommon.o)
    0x0800067a   0x0800067a   0x00000002   PAD
    0x0800067c   0x0800067c   0x00000024   Code   RO         2899    .text               c_w.l(_printf_char_file.o)
    0x080006a0   0x080006a0   0x00000030   Code   RO         2925    .text               c_w.l(_printf_char_common.o)
    0x080006d0   0x080006d0   0x00000008   Code   RO         2927    .text               c_w.l(ferror.o)
    0x080006d8   0x080006d8   0x00000138   Code   RO         2929    .text               c_w.l(initio.o)
    0x08000810   0x08000810   0x00000066   Code   RO         2935    .text               c_w.l(sys_io.o)
    0x08000876   0x08000876   0x0000004a   Code   RO         2942    .text               c_w.l(sys_stackheap_outer.o)
    0x080008c0   0x080008c0   0x0000004e   Code   RO         2946    .text               c_w.l(h1_free.o)
    0x0800090e   0x0800090e   0x00000046   Code   RO         3002    .text               c_w.l(setvbuf.o)
    0x08000954   0x08000954   0x000000ec   Code   RO         3005    .text               c_w.l(fopen.o)
    0x08000a40   0x08000a40   0x0000004c   Code   RO         3007    .text               c_w.l(fclose.o)
    0x08000a8c   0x08000a8c   0x00000012   Code   RO         3013    .text               c_w.l(exit.o)
    0x08000a9e   0x08000a9e   0x0000000e   Code   RO         3019    .text               c_w.l(defsig_rtred_outer.o)
    0x08000aac   0x08000aac   0x00000008   Code   RO         3092    .text               c_w.l(libspace.o)
    0x08000ab4   0x08000ab4   0x00000002   Code   RO         3095    .text               c_w.l(use_no_semi.o)
    0x08000ab6   0x08000ab6   0x00000000   Code   RO         3097    .text               c_w.l(indicate_semi.o)
    0x08000ab6   0x08000ab6   0x00000002   PAD
    0x08000ab8   0x08000ab8   0x00000008   Code   RO         3105    .text               c_w.l(rt_heap_descriptor_intlibspace.o)
    0x08000ac0   0x08000ac0   0x00000004   Code   RO         3107    .text               c_w.l(hguard.o)
    0x08000ac4   0x08000ac4   0x0000008a   Code   RO         3109    .text               c_w.l(init_alloc.o)
    0x08000b4e   0x08000b4e   0x0000005e   Code   RO         3115    .text               c_w.l(h1_alloc.o)
    0x08000bac   0x08000bac   0x000000f8   Code   RO         3129    .text               c_w.l(fseek.o)
    0x08000ca4   0x08000ca4   0x000000f0   Code   RO         3131    .text               c_w.l(stdio.o)
    0x08000d94   0x08000d94   0x0000000a   Code   RO         3133    .text               c_w.l(defsig_exit.o)
    0x08000d9e   0x08000d9e   0x00000002   PAD
    0x08000da0   0x08000da0   0x00000034   Code   RO         3137    .text               c_w.l(defsig_rtred_inner.o)
    0x08000dd4   0x08000dd4   0x0000003e   Code   RO         3139    .text               c_w.l(strlen.o)
    0x08000e12   0x08000e12   0x00000002   PAD
    0x08000e14   0x08000e14   0x0000000c   Code   RO         3147    .text               c_w.l(sys_exit.o)
    0x08000e20   0x08000e20   0x0000000e   Code   RO         3158    .text               c_w.l(h1_init.o)
    0x08000e2e   0x08000e2e   0x00000034   Code   RO         3160    .text               c_w.l(h1_extend.o)
    0x08000e62   0x08000e62   0x00000042   Code   RO         3166    .text               c_w.l(ftell.o)
    0x08000ea4   0x08000ea4   0x00000032   Code   RO         3170    .text               c_w.l(defsig_general.o)
    0x08000ed6   0x08000ed6   0x0000000e   Code   RO         3172    .text               c_w.l(defsig_rtmem_outer.o)
    0x08000ee4   0x08000ee4   0x0000000e   Code   RO         3185    .text               c_w.l(sys_wrch.o)
    0x08000ef2   0x08000ef2   0x00000002   PAD
    0x08000ef4   0x08000ef4   0x00000008   Code   RO         3192    .text               c_w.l(rt_errno_addr_intlibspace.o)
    0x08000efc   0x08000efc   0x00000050   Code   RO         3198    .text               c_w.l(defsig_rtmem_inner.o)
    0x08000f4c   0x08000f4c   0x00000002   Code   RO          246    i.BusFault_Handler  stm32l4xx_it.o
    0x08000f4e   0x08000f4e   0x00000002   Code   RO          247    i.DebugMon_Handler  stm32l4xx_it.o
    0x08000f50   0x08000f50   0x00000004   Code   RO           13    i.Error_Handler     main.o
    0x08000f54   0x08000f54   0x0000004a   Code   RO         2168    i.HAL_DMA_Abort     stm32l4xx_hal_dma.o
    0x08000f9e   0x08000f9e   0x0000004e   Code   RO         2169    i.HAL_DMA_Abort_IT  stm32l4xx_hal_dma.o
    0x08000fec   0x08000fec   0x000001be   Code   RO         2104    i.HAL_GPIO_Init     stm32l4xx_hal_gpio.o
    0x080011aa   0x080011aa   0x00000002   PAD
    0x080011ac   0x080011ac   0x0000000c   Code   RO          875    i.HAL_GetTick       stm32l4xx_hal.o
    0x080011b8   0x080011b8   0x00000010   Code   RO          881    i.HAL_IncTick       stm32l4xx_hal.o
    0x080011c8   0x080011c8   0x0000001e   Code   RO          882    i.HAL_Init          stm32l4xx_hal.o
    0x080011e6   0x080011e6   0x00000002   PAD
    0x080011e8   0x080011e8   0x00000044   Code   RO          883    i.HAL_InitTick      stm32l4xx_hal.o
    0x0800122c   0x0800122c   0x0000002c   Code   RO          328    i.HAL_MspInit       stm32l4xx_hal_msp.o
    0x08001258   0x08001258   0x0000001a   Code   RO         2591    i.HAL_NVIC_EnableIRQ  stm32l4xx_hal_cortex.o
    0x08001272   0x08001272   0x00000002   PAD
    0x08001274   0x08001274   0x00000040   Code   RO         2597    i.HAL_NVIC_SetPriority  stm32l4xx_hal_cortex.o
    0x080012b4   0x080012b4   0x00000024   Code   RO         2598    i.HAL_NVIC_SetPriorityGrouping  stm32l4xx_hal_cortex.o
    0x080012d8   0x080012d8   0x00000068   Code   RO         2395    i.HAL_PWREx_ControlVoltageScaling  stm32l4xx_hal_pwr_ex.o
    0x08001340   0x08001340   0x00000010   Code   RO         2418    i.HAL_PWREx_GetVoltageRange  stm32l4xx_hal_pwr_ex.o
    0x08001350   0x08001350   0x000002ba   Code   RO         1737    i.HAL_RCCEx_PeriphCLKConfig  stm32l4xx_hal_rcc_ex.o
    0x0800160a   0x0800160a   0x00000002   PAD
    0x0800160c   0x0800160c   0x00000120   Code   RO         1615    i.HAL_RCC_ClockConfig  stm32l4xx_hal_rcc.o
    0x0800172c   0x0800172c   0x00000024   Code   RO         1621    i.HAL_RCC_GetPCLK1Freq  stm32l4xx_hal_rcc.o
    0x08001750   0x08001750   0x00000024   Code   RO         1622    i.HAL_RCC_GetPCLK2Freq  stm32l4xx_hal_rcc.o
    0x08001774   0x08001774   0x000000a4   Code   RO         1623    i.HAL_RCC_GetSysClockFreq  stm32l4xx_hal_rcc.o
    0x08001818   0x08001818   0x0000056c   Code   RO         1626    i.HAL_RCC_OscConfig  stm32l4xx_hal_rcc.o
    0x08001d84   0x08001d84   0x00000028   Code   RO         2602    i.HAL_SYSTICK_Config  stm32l4xx_hal_cortex.o
    0x08001dac   0x08001dac   0x00000002   Code   RO          397    i.HAL_UARTEx_RxEventCallback  stm32l4xx_hal_uart.o
    0x08001dae   0x08001dae   0x00000002   Code   RO          790    i.HAL_UARTEx_WakeupCallback  stm32l4xx_hal_uart_ex.o
    0x08001db0   0x08001db0   0x00000002   Code   RO          413    i.HAL_UART_ErrorCallback  stm32l4xx_hal_uart.o
    0x08001db2   0x08001db2   0x00000002   PAD
    0x08001db4   0x08001db4   0x0000023c   Code   RO          416    i.HAL_UART_IRQHandler  stm32l4xx_hal_uart.o
    0x08001ff0   0x08001ff0   0x00000066   Code   RO          417    i.HAL_UART_Init     stm32l4xx_hal_uart.o
    0x08002056   0x08002056   0x00000002   PAD
    0x08002058   0x08002058   0x00000090   Code   RO          199    i.HAL_UART_MspInit  usart.o
    0x080020e8   0x080020e8   0x00000048   Code   RO          422    i.HAL_UART_Receive_IT  stm32l4xx_hal_uart.o
    0x08002130   0x08002130   0x00000030   Code   RO           14    i.HAL_UART_RxCpltCallback  main.o
    0x08002160   0x08002160   0x00000068   Code   RO          428    i.HAL_UART_Transmit_IT  stm32l4xx_hal_uart.o
    0x080021c8   0x080021c8   0x00000002   Code   RO          429    i.HAL_UART_TxCpltCallback  stm32l4xx_hal_uart.o
    0x080021ca   0x080021ca   0x00000002   Code   RO          248    i.HardFault_Handler  stm32l4xx_it.o
    0x080021cc   0x080021cc   0x0000003c   Code   RO          174    i.MX_GPIO_Init      gpio.o
    0x08002208   0x08002208   0x0000003c   Code   RO          200    i.MX_USART1_UART_Init  usart.o
    0x08002244   0x08002244   0x00000002   Code   RO          249    i.MemManage_Handler  stm32l4xx_it.o
    0x08002246   0x08002246   0x00000002   Code   RO          250    i.NMI_Handler       stm32l4xx_it.o
    0x08002248   0x08002248   0x00000002   Code   RO          251    i.PendSV_Handler    stm32l4xx_it.o
    0x0800224a   0x0800224a   0x00000002   PAD
    0x0800224c   0x0800224c   0x0000012c   Code   RO         1741    i.RCCEx_PLLSAI1_Config  stm32l4xx_hal_rcc_ex.o
    0x08002378   0x08002378   0x0000007c   Code   RO         1627    i.RCC_SetFlashLatencyFromMSIRange  stm32l4xx_hal_rcc.o
    0x080023f4   0x080023f4   0x00000002   Code   RO          252    i.SVC_Handler       stm32l4xx_it.o
    0x080023f6   0x080023f6   0x00000004   Code   RO          253    i.SysTick_Handler   stm32l4xx_it.o
    0x080023fa   0x080023fa   0x00000086   Code   RO           15    i.SystemClock_Config  main.o
    0x08002480   0x08002480   0x0000003c   Code   RO         2794    i.SystemInit        system_stm32l4xx.o
    0x080024bc   0x080024bc   0x000000c8   Code   RO          431    i.UART_AdvFeatureConfig  stm32l4xx_hal_uart.o
    0x08002584   0x08002584   0x0000005c   Code   RO          432    i.UART_CheckIdleState  stm32l4xx_hal_uart.o
    0x080025e0   0x080025e0   0x00000014   Code   RO          433    i.UART_DMAAbortOnError  stm32l4xx_hal_uart.o
    0x080025f4   0x080025f4   0x00000030   Code   RO          443    i.UART_EndRxTransfer  stm32l4xx_hal_uart.o
    0x08002624   0x08002624   0x0000007c   Code   RO          445    i.UART_RxISR_16BIT  stm32l4xx_hal_uart.o
    0x080026a0   0x080026a0   0x0000007c   Code   RO          446    i.UART_RxISR_8BIT   stm32l4xx_hal_uart.o
    0x0800271c   0x0800271c   0x00000200   Code   RO          447    i.UART_SetConfig    stm32l4xx_hal_uart.o
    0x0800291c   0x0800291c   0x00000090   Code   RO          449    i.UART_Start_Receive_IT  stm32l4xx_hal_uart.o
    0x080029ac   0x080029ac   0x00000040   Code   RO          450    i.UART_TxISR_16BIT  stm32l4xx_hal_uart.o
    0x080029ec   0x080029ec   0x0000003c   Code   RO          451    i.UART_TxISR_8BIT   stm32l4xx_hal_uart.o
    0x08002a28   0x08002a28   0x000000a4   Code   RO          452    i.UART_WaitOnFlagUntilTimeout  stm32l4xx_hal_uart.o
    0x08002acc   0x08002acc   0x0000000c   Code   RO          254    i.USART1_IRQHandler  stm32l4xx_it.o
    0x08002ad8   0x08002ad8   0x00000002   Code   RO          255    i.UsageFault_Handler  stm32l4xx_it.o
    0x08002ada   0x08002ada   0x00000020   Code   RO         2604    i.__NVIC_SetPriority  stm32l4xx_hal_cortex.o
    0x08002afa   0x08002afa   0x00000002   PAD
    0x08002afc   0x08002afc   0x00000018   Code   RO          201    i.fputc             usart.o
    0x08002b14   0x08002b14   0x00000110   Code   RO           16    i.main              main.o
    0x08002c24   0x08002c24   0x0000000a   Code   RO         3145    x$fpl$fpinit        fz_wm.l(fpinit.o)
    0x08002c2e   0x08002c2e   0x00000002   PAD
    0x08002c30   0x08002c30   0x00000040   Data   RO         2795    .constdata          system_stm32l4xx.o
    0x08002c70   0x08002c70   0x00000008   Data   RO         2796    .constdata          system_stm32l4xx.o
    0x08002c78   0x08002c78   0x00000028   Data   RO         2846    .constdata          c_w.l(_printf_hex_int.o)
    0x08002ca0   0x08002ca0   0x00000011   Data   RO         2869    .constdata          c_w.l(__printf_flags_ss.o)
    0x08002cb1   0x08002cb1   0x00000004   Data   RO         2936    .constdata          c_w.l(sys_io.o)
    0x08002cb5   0x08002cb5   0x00000004   Data   RO         2937    .constdata          c_w.l(sys_io.o)
    0x08002cb9   0x08002cb9   0x00000004   Data   RO         2938    .constdata          c_w.l(sys_io.o)
    0x08002cbd   0x08002cbd   0x00000003   PAD
    0x08002cc0   0x08002cc0   0x00000020   Data   RO         3221    Region$$Table       anon$$obj.o


    Execution Region RW_IRAM2 (Exec base: 0x10000000, Load base: 0x08002d14, Size: 0x00000000, Max: 0x00004000, ABSOLUTE)

    **** No section assigned to this execution region ****


    Execution Region RW_IRAM1 (Exec base: 0x20000000, Load base: 0x08002ce0, Size: 0x00000828, Max: 0x0000c000, ABSOLUTE)

    Exec Addr    Load Addr    Size         Type   Attr      Idx    E Section Name        Object

    0x20000000   0x08002ce0   0x00000018   Data   RW           19    .data               main.o
    0x20000018   0x08002cf8   0x0000000c   Data   RW          899    .data               stm32l4xx_hal.o
    0x20000024   0x08002d04   0x00000004   Data   RW         2797    .data               system_stm32l4xx.o
    0x20000028   0x08002d08   0x00000004   Data   RW         2905    .data               c_w.l(stdio_streams.o)
    0x2000002c   0x08002d0c   0x00000004   Data   RW         2906    .data               c_w.l(stdio_streams.o)
    0x20000030   0x08002d10   0x00000004   Data   RW         2907    .data               c_w.l(stdio_streams.o)
    0x20000034        -       0x0000000d   Zero   RW           17    .bss                main.o
    0x20000041   0x08002d14   0x00000003   PAD
    0x20000044        -       0x00000084   Zero   RW          202    .bss                usart.o
    0x200000c8        -       0x00000054   Zero   RW         2902    .bss                c_w.l(stdio_streams.o)
    0x2000011c        -       0x00000054   Zero   RW         2903    .bss                c_w.l(stdio_streams.o)
    0x20000170        -       0x00000054   Zero   RW         2904    .bss                c_w.l(stdio_streams.o)
    0x200001c4        -       0x00000060   Zero   RW         3093    .bss                c_w.l(libspace.o)
    0x20000224   0x08002d14   0x00000004   PAD
    0x20000228        -       0x00000200   Zero   RW            2    HEAP                startup_stm32l431xx.o
    0x20000428        -       0x00000400   Zero   RW            1    STACK               startup_stm32l431xx.o


==============================================================================

Image component sizes


      Code (inc. data)   RO Data    RW Data    ZI Data      Debug   Object Name

        60          6          0          0          0        835   gpio.o
       458        168          0         24         13     643908   main.o
        64         26        396          0       1536        844   startup_stm32l431xx.o
       126         20          0         12          0      11997   stm32l4xx_hal.o
       198         14          0          0          0      33835   stm32l4xx_hal_cortex.o
       152          0          0          0          0       1783   stm32l4xx_hal_dma.o
       446         28          0          0          0       1808   stm32l4xx_hal_gpio.o
        44          6          0          0          0        850   stm32l4xx_hal_msp.o
       120         20          0          0          0       1366   stm32l4xx_hal_pwr_ex.o
      2036         98          0          0          0       6996   stm32l4xx_hal_rcc.o
       998         32          0          0          0       2932   stm32l4xx_hal_rcc_ex.o
      2408         88          0          0          0      14868   stm32l4xx_hal_uart.o
         2          0          0          0          0       1012   stm32l4xx_hal_uart_ex.o
        32          6          0          0          0       4634   stm32l4xx_it.o
        60         12         72          4          0       1205   system_stm32l4xx.o
       228         24          0          0        132       2326   usart.o

    ----------------------------------------------------------------------
      7448        548        500         40       1684     731199   Object Totals
         0          0         32          0          0          0   (incl. Generated)
        16          0          0          0          3          0   (incl. Padding)

    ----------------------------------------------------------------------

      Code (inc. data)   RO Data    RW Data    ZI Data      Debug   Library Member Name

         8          0          0          0          0         68   __main.o
       236          4         17          0          0         88   __printf_flags_ss.o
         0          0          0          0          0          0   __rtentry.o
        12          0          0          0          0          0   __rtentry2.o
         6          0          0          0          0          0   __rtentry4.o
        52          8          0          0          0          0   __scatter.o
        26          0          0          0          0          0   __scatter_copy.o
        28          0          0          0          0          0   __scatter_zi.o
        48          6          0          0          0         96   _printf_char_common.o
        36          4          0          0          0         80   _printf_char_file.o
         6          0          0          0          0          0   _printf_d.o
       120         16          0          0          0         92   _printf_dec.o
        88          4         40          0          0         88   _printf_hex_int.o
       178          0          0          0          0         88   _printf_intcommon.o
         0          0          0          0          0          0   _printf_percent.o
         4          0          0          0          0          0   _printf_percent_end.o
        36          0          0          0          0         84   _printf_truncate.o
         6          0          0          0          0          0   _printf_x.o
        10          0          0          0          0         68   defsig_exit.o
        50          0          0          0          0         88   defsig_general.o
        80         58          0          0          0         76   defsig_rtmem_inner.o
        14          0          0          0          0         80   defsig_rtmem_outer.o
        52         38          0          0          0         76   defsig_rtred_inner.o
        14          0          0          0          0         80   defsig_rtred_outer.o
        18          0          0          0          0         80   exit.o
        76          0          0          0          0         88   fclose.o
         8          0          0          0          0         68   ferror.o
       236          4          0          0          0        128   fopen.o
       248          6          0          0          0         84   fseek.o
        66          0          0          0          0         76   ftell.o
        94          0          0          0          0         80   h1_alloc.o
        52          0          0          0          0         68   h1_extend.o
        78          0          0          0          0         80   h1_free.o
        14          0          0          0          0         84   h1_init.o
         6          0          0          0          0        152   heapauxi.o
         4          0          0          0          0        136   hguard.o
         0          0          0          0          0          0   indicate_semi.o
       138          0          0          0          0        168   init_alloc.o
       312         46          0          0          0        112   initio.o
         2          0          0          0          0          0   libinit.o
        18          0          0          0          0          0   libinit2.o
         2          0          0          0          0          0   libshutdown.o
         6          0          0          0          0          0   libshutdown2.o
         8          4          0          0         96         68   libspace.o
       238          0          0          0          0        100   lludivv7m.o
         0          0          0          0          0          0   maybetermalloc1.o
        24          4          0          0          0         84   noretval__2printf.o
         8          4          0          0          0         68   rt_errno_addr_intlibspace.o
         8          4          0          0          0         68   rt_heap_descriptor_intlibspace.o
        78          0          0          0          0         80   rt_memclr_w.o
         2          0          0          0          0          0   rtexit.o
        10          0          0          0          0          0   rtexit2.o
        70          0          0          0          0         80   setvbuf.o
       240          6          0          0          0        156   stdio.o
         0          0          0         12        252          0   stdio_streams.o
        62          0          0          0          0         76   strlen.o
        12          4          0          0          0         68   sys_exit.o
       102          0         12          0          0        240   sys_io.o
        74          0          0          0          0         80   sys_stackheap_outer.o
        14          0          0          0          0         76   sys_wrch.o
         2          0          0          0          0         68   use_no_semi.o
        10          0          0          0          0        116   fpinit.o

    ----------------------------------------------------------------------
      3468        220         72         12        352       3984   Library Totals
        18          0          3          0          4          0   (incl. Padding)

    ----------------------------------------------------------------------

      Code (inc. data)   RO Data    RW Data    ZI Data      Debug   Library Name

      3440        220         69         12        348       3868   c_w.l
        10          0          0          0          0        116   fz_wm.l

    ----------------------------------------------------------------------
      3468        220         72         12        352       3984   Library Totals

    ----------------------------------------------------------------------

==============================================================================


      Code (inc. data)   RO Data    RW Data    ZI Data      Debug   

     10916        768        572         52       2036     727755   Grand Totals
     10916        768        572         52       2036     727755   ELF Image Totals
     10916        768        572         52          0          0   ROM Totals

==============================================================================

    Total RO  Size (Code + RO Data)                11488 (  11.22kB)
    Total RW  Size (RW Data + ZI Data)              2088 (   2.04kB)
    Total ROM Size (Code + RO Data + RW Data)      11540 (  11.27kB)

==============================================================================

